Archive member included to satisfy reference by file (symbol)

c:/users/zen35/documents/zen3515/ac6/systemworkbench/plugins/fr.ac6.mcu.externaltools.arm-none.win32_1.16.0.201807130628/tools/compiler/bin/../lib/gcc/arm-none-eabi/7.2.1/thumb/v7e-m/fpv4-sp/hard\libgcc.a(_aeabi_uldivmod.o)
                              Drivers/STM32F4xx_HAL_Driver/Src/stm32f4xx_hal_rcc.o (__aeabi_uldivmod)
c:/users/zen35/documents/zen3515/ac6/systemworkbench/plugins/fr.ac6.mcu.externaltools.arm-none.win32_1.16.0.201807130628/tools/compiler/bin/../lib/gcc/arm-none-eabi/7.2.1/thumb/v7e-m/fpv4-sp/hard\libgcc.a(_udivmoddi4.o)
                              c:/users/zen35/documents/zen3515/ac6/systemworkbench/plugins/fr.ac6.mcu.externaltools.arm-none.win32_1.16.0.201807130628/tools/compiler/bin/../lib/gcc/arm-none-eabi/7.2.1/thumb/v7e-m/fpv4-sp/hard\libgcc.a(_aeabi_uldivmod.o) (__udivmoddi4)
c:/users/zen35/documents/zen3515/ac6/systemworkbench/plugins/fr.ac6.mcu.externaltools.arm-none.win32_1.16.0.201807130628/tools/compiler/bin/../lib/gcc/arm-none-eabi/7.2.1/thumb/v7e-m/fpv4-sp/hard\libgcc.a(_dvmd_tls.o)
                              c:/users/zen35/documents/zen3515/ac6/systemworkbench/plugins/fr.ac6.mcu.externaltools.arm-none.win32_1.16.0.201807130628/tools/compiler/bin/../lib/gcc/arm-none-eabi/7.2.1/thumb/v7e-m/fpv4-sp/hard\libgcc.a(_aeabi_uldivmod.o) (__aeabi_ldiv0)
c:/users/zen35/documents/zen3515/ac6/systemworkbench/plugins/fr.ac6.mcu.externaltools.arm-none.win32_1.16.0.201807130628/tools/compiler/bin/../lib/gcc/arm-none-eabi/7.2.1/../../../../arm-none-eabi/lib/thumb/v7e-m/fpv4-sp/hard\libc_nano.a(lib_a-exit.o)
                              c:/users/zen35/documents/zen3515/ac6/systemworkbench/plugins/fr.ac6.mcu.externaltools.arm-none.win32_1.16.0.201807130628/tools/compiler/bin/../lib/gcc/arm-none-eabi/7.2.1/../../../../arm-none-eabi/lib/thumb/v7e-m/fpv4-sp/hard/crt0.o (exit)
c:/users/zen35/documents/zen3515/ac6/systemworkbench/plugins/fr.ac6.mcu.externaltools.arm-none.win32_1.16.0.201807130628/tools/compiler/bin/../lib/gcc/arm-none-eabi/7.2.1/../../../../arm-none-eabi/lib/thumb/v7e-m/fpv4-sp/hard\libc_nano.a(lib_a-impure.o)
                              c:/users/zen35/documents/zen3515/ac6/systemworkbench/plugins/fr.ac6.mcu.externaltools.arm-none.win32_1.16.0.201807130628/tools/compiler/bin/../lib/gcc/arm-none-eabi/7.2.1/../../../../arm-none-eabi/lib/thumb/v7e-m/fpv4-sp/hard\libc_nano.a(lib_a-exit.o) (_global_impure_ptr)
c:/users/zen35/documents/zen3515/ac6/systemworkbench/plugins/fr.ac6.mcu.externaltools.arm-none.win32_1.16.0.201807130628/tools/compiler/bin/../lib/gcc/arm-none-eabi/7.2.1/../../../../arm-none-eabi/lib/thumb/v7e-m/fpv4-sp/hard\libc_nano.a(lib_a-init.o)
                              c:/users/zen35/documents/zen3515/ac6/systemworkbench/plugins/fr.ac6.mcu.externaltools.arm-none.win32_1.16.0.201807130628/tools/compiler/bin/../lib/gcc/arm-none-eabi/7.2.1/../../../../arm-none-eabi/lib/thumb/v7e-m/fpv4-sp/hard/crt0.o (__libc_init_array)
c:/users/zen35/documents/zen3515/ac6/systemworkbench/plugins/fr.ac6.mcu.externaltools.arm-none.win32_1.16.0.201807130628/tools/compiler/bin/../lib/gcc/arm-none-eabi/7.2.1/../../../../arm-none-eabi/lib/thumb/v7e-m/fpv4-sp/hard\libc_nano.a(lib_a-malloc.o)
                              Src/TM/tm_stm32_delay.o (malloc)
c:/users/zen35/documents/zen3515/ac6/systemworkbench/plugins/fr.ac6.mcu.externaltools.arm-none.win32_1.16.0.201807130628/tools/compiler/bin/../lib/gcc/arm-none-eabi/7.2.1/../../../../arm-none-eabi/lib/thumb/v7e-m/fpv4-sp/hard\libc_nano.a(lib_a-memcpy-stub.o)
                              Middlewares/Third_Party/FreeRTOS/Source/queue.o (memcpy)
c:/users/zen35/documents/zen3515/ac6/systemworkbench/plugins/fr.ac6.mcu.externaltools.arm-none.win32_1.16.0.201807130628/tools/compiler/bin/../lib/gcc/arm-none-eabi/7.2.1/../../../../arm-none-eabi/lib/thumb/v7e-m/fpv4-sp/hard\libc_nano.a(lib_a-memset.o)
                              c:/users/zen35/documents/zen3515/ac6/systemworkbench/plugins/fr.ac6.mcu.externaltools.arm-none.win32_1.16.0.201807130628/tools/compiler/bin/../lib/gcc/arm-none-eabi/7.2.1/../../../../arm-none-eabi/lib/thumb/v7e-m/fpv4-sp/hard/crt0.o (memset)
c:/users/zen35/documents/zen3515/ac6/systemworkbench/plugins/fr.ac6.mcu.externaltools.arm-none.win32_1.16.0.201807130628/tools/compiler/bin/../lib/gcc/arm-none-eabi/7.2.1/../../../../arm-none-eabi/lib/thumb/v7e-m/fpv4-sp/hard\libc_nano.a(lib_a-nano-freer.o)
                              c:/users/zen35/documents/zen3515/ac6/systemworkbench/plugins/fr.ac6.mcu.externaltools.arm-none.win32_1.16.0.201807130628/tools/compiler/bin/../lib/gcc/arm-none-eabi/7.2.1/../../../../arm-none-eabi/lib/thumb/v7e-m/fpv4-sp/hard\libc_nano.a(lib_a-malloc.o) (_free_r)
c:/users/zen35/documents/zen3515/ac6/systemworkbench/plugins/fr.ac6.mcu.externaltools.arm-none.win32_1.16.0.201807130628/tools/compiler/bin/../lib/gcc/arm-none-eabi/7.2.1/../../../../arm-none-eabi/lib/thumb/v7e-m/fpv4-sp/hard\libc_nano.a(lib_a-nano-mallocr.o)
[...]
Memory Configuration

Name             Origin             Length             Attributes
RAM              0x20000000         0x00020000         xrw
CCMRAM           0x10000000         0x00010000         rw
FLASH            0x08000000         0x00100000         xr
*default*        0x00000000         0xffffffff

Linker script and memory map

LOAD c:/users/zen35/documents/zen3515/ac6/systemworkbench/plugins/fr.ac6.mcu.externaltools.arm-none.win32_1.16.0.201807130628/tools/compiler/bin/../lib/gcc/arm-none-eabi/7.2.1/thumb/v7e-m/fpv4-sp/hard/crti.o
LOAD c:/users/zen35/documents/zen3515/ac6/systemworkbench/plugins/fr.ac6.mcu.externaltools.arm-none.win32_1.16.0.201807130628/tools/compiler/bin/../lib/gcc/arm-none-eabi/7.2.1/thumb/v7e-m/fpv4-sp/hard/crtbegin.o
LOAD c:/users/zen35/documents/zen3515/ac6/systemworkbench/plugins/fr.ac6.mcu.externaltools.arm-none.win32_1.16.0.201807130628/tools/compiler/bin/../lib/gcc/arm-none-eabi/7.2.1/../../../../arm-none-eabi/lib/thumb/v7e-m/fpv4-sp/hard/crt0.o
LOAD Drivers/STM32F4xx_HAL_Driver/Src/stm32f4xx_hal.o
LOAD Drivers/STM32F4xx_HAL_Driver/Src/stm32f4xx_hal_cortex.o
LOAD Drivers/STM32F4xx_HAL_Driver/Src/stm32f4xx_hal_dma.o
LOAD Drivers/STM32F4xx_HAL_Driver/Src/stm32f4xx_hal_dma_ex.o
LOAD Drivers/STM32F4xx_HAL_Driver/Src/stm32f4xx_hal_flash.o
LOAD Drivers/STM32F4xx_HAL_Driver/Src/stm32f4xx_hal_flash_ex.o
LOAD Drivers/STM32F4xx_HAL_Driver/Src/stm32f4xx_hal_flash_ramfunc.o
LOAD Drivers/STM32F4xx_HAL_Driver/Src/stm32f4xx_hal_gpio.o
LOAD Drivers/STM32F4xx_HAL_Driver/Src/stm32f4xx_hal_pwr.o
LOAD Drivers/STM32F4xx_HAL_Driver/Src/stm32f4xx_hal_pwr_ex.o
LOAD Drivers/STM32F4xx_HAL_Driver/Src/stm32f4xx_hal_rcc.o
LOAD Drivers/STM32F4xx_HAL_Driver/Src/stm32f4xx_hal_rcc_ex.o
LOAD Drivers/STM32F4xx_HAL_Driver/Src/stm32f4xx_hal_tim.o
LOAD Drivers/STM32F4xx_HAL_Driver/Src/stm32f4xx_hal_tim_ex.o
LOAD Drivers/STM32F4xx_HAL_Driver/Src/stm32f4xx_hal_uart.o
LOAD Middlewares/Third_Party/FreeRTOS/Source/CMSIS_RTOS/cmsis_os.o
LOAD Middlewares/Third_Party/FreeRTOS/Source/croutine.o
LOAD Middlewares/Third_Party/FreeRTOS/Source/event_groups.o
LOAD Middlewares/Third_Party/FreeRTOS/Source/list.o
LOAD Middlewares/Third_Party/FreeRTOS/Source/queue.o
LOAD Middlewares/Third_Party/FreeRTOS/Source/tasks.o
LOAD Middlewares/Third_Party/FreeRTOS/Source/timers.o
LOAD Middlewares/Third_Party/FreeRTOS/Source/portable/GCC/ARM_CM4F/port.o
LOAD Middlewares/Third_Party/FreeRTOS/Source/portable/MemMang/heap_4.o
LOAD Src/TM/tm_stm32_delay.o
LOAD Src/TM/tm_stm32_ds18b20.o
LOAD Src/TM/tm_stm32_gpio.o
LOAD Src/TM/tm_stm32_onewire.o
LOAD Src/freertos.o
LOAD Src/main.o
LOAD Src/stm32f4xx_hal_msp.o
LOAD Src/stm32f4xx_it.o
LOAD Src/system_stm32f4xx.o
LOAD startup/startup_stm32f407xx.o
LOAD c:/users/zen35/documents/zen3515/ac6/systemworkbench/plugins/fr.ac6.mcu.externaltools.arm-none.win32_1.16.0.201807130628/tools/compiler/bin/../lib/gcc/arm-none-eabi/7.2.1/../../../../arm-none-eabi/lib/thumb/v7e-m/fpv4-sp/hard\libm.a
START GROUP
LOAD c:/users/zen35/documents/zen3515/ac6/systemworkbench/plugins/fr.ac6.mcu.externaltools.arm-none.win32_1.16.0.201807130628/tools/compiler/bin/../lib/gcc/arm-none-eabi/7.2.1/thumb/v7e-m/fpv4-sp/hard\libgcc.a
LOAD c:/users/zen35/documents/zen3515/ac6/systemworkbench/plugins/fr.ac6.mcu.externaltools.arm-none.win32_1.16.0.201807130628/tools/compiler/bin/../lib/gcc/arm-none-eabi/7.2.1/../../../../arm-none-eabi/lib/thumb/v7e-m/fpv4-sp/hard\libc_nano.a
END GROUP
START GROUP
LOAD c:/users/zen35/documents/zen3515/ac6/systemworkbench/plugins/fr.ac6.mcu.externaltools.arm-none.win32_1.16.0.201807130628/tools/compiler/bin/../lib/gcc/arm-none-eabi/7.2.1/thumb/v7e-m/fpv4-sp/hard\libgcc.a
LOAD c:/users/zen35/documents/zen3515/ac6/systemworkbench/plugins/fr.ac6.mcu.externaltools.arm-none.win32_1.16.0.201807130628/tools/compiler/bin/../lib/gcc/arm-none-eabi/7.2.1/../../../../arm-none-eabi/lib/thumb/v7e-m/fpv4-sp/hard\libc_nano.a
LOAD c:/users/zen35/documents/zen3515/ac6/systemworkbench/plugins/fr.ac6.mcu.externaltools.arm-none.win32_1.16.0.201807130628/tools/compiler/bin/../lib/gcc/arm-none-eabi/7.2.1/../../../../arm-none-eabi/lib/thumb/v7e-m/fpv4-sp/hard\libnosys.a
END GROUP
START GROUP
LOAD c:/users/zen35/documents/zen3515/ac6/systemworkbench/plugins/fr.ac6.mcu.externaltools.arm-none.win32_1.16.0.201807130628/tools/compiler/bin/../lib/gcc/arm-none-eabi/7.2.1/thumb/v7e-m/fpv4-sp/hard\libgcc.a
LOAD c:/users/zen35/documents/zen3515/ac6/systemworkbench/plugins/fr.ac6.mcu.externaltools.arm-none.win32_1.16.0.201807130628/tools/compiler/bin/../lib/gcc/arm-none-eabi/7.2.1/../../../../arm-none-eabi/lib/thumb/v7e-m/fpv4-sp/hard\libc_nano.a
LOAD c:/users/zen35/documents/zen3515/ac6/systemworkbench/plugins/fr.ac6.mcu.externaltools.arm-none.win32_1.16.0.201807130628/tools/compiler/bin/../lib/gcc/arm-none-eabi/7.2.1/../../../../arm-none-eabi/lib/thumb/v7e-m/fpv4-sp/hard\libnosys.a
END GROUP
LOAD c:/users/zen35/documents/zen3515/ac6/systemworkbench/plugins/fr.ac6.mcu.externaltools.arm-none.win32_1.16.0.201807130628/tools/compiler/bin/../lib/gcc/arm-none-eabi/7.2.1/thumb/v7e-m/fpv4-sp/hard/crtend.o
LOAD c:/users/zen35/documents/zen3515/ac6/systemworkbench/plugins/fr.ac6.mcu.externaltools.arm-none.win32_1.16.0.201807130628/tools/compiler/bin/../lib/gcc/arm-none-eabi/7.2.1/thumb/v7e-m/fpv4-sp/hard/crtn.o
                0x20020000                _estack = 0x20020000
                0x00000200                _Min_Heap_Size = 0x200
                0x00000400                _Min_Stack_Size = 0x400

.isr_vector     0x08000000      0x188
                0x08000000                . = ALIGN (0x4)
 *(.isr_vector)
 .isr_vector    0x08000000      0x188 startup/startup_stm32f407xx.o
                0x08000000                g_pfnVectors
                0x08000188                . = ALIGN (0x4)

.text           0x08000190     0x40bc
                0x08000190                . = ALIGN (0x4)
 *(.text)
 .text          0x08000190       0x40 c:/users/zen35/documents/zen3515/ac6/systemworkbench/plugins/fr.ac6.mcu.externaltools.arm-none.win32_1.16.0.201807130628/tools/compiler/bin/../lib/gcc/arm-none-eabi/7.2.1/thumb/v7e-m/fpv4-sp/hard/crtbegin.o
 .text          0x080001d0       0x30 c:/users/zen35/documents/zen3515/ac6/systemworkbench/plugins/fr.ac6.mcu.externaltools.arm-none.win32_1.16.0.201807130628/tools/compiler/bin/../lib/gcc/arm-none-eabi/7.2.1/thumb/v7e-m/fpv4-sp/hard\libgcc.a(_aeabi_uldivmod.o)
                0x080001d0                __aeabi_uldivmod
 .text          0x08000200      0x2cc c:/users/zen35/documents/zen3515/ac6/systemworkbench/plugins/fr.ac6.mcu.externaltools.arm-none.win32_1.16.0.201807130628/tools/compiler/bin/../lib/gcc/arm-none-eabi/7.2.1/thumb/v7e-m/fpv4-sp/hard\libgcc.a(_udivmoddi4.o)
                0x08000200                __udivmoddi4
 .text          0x080004cc        0x4 c:/users/zen35/documents/zen3515/ac6/systemworkbench/plugins/fr.ac6.mcu.externaltools.arm-none.win32_1.16.0.201807130628/tools/compiler/bin/../lib/gcc/arm-none-eabi/7.2.1/thumb/v7e-m/fpv4-sp/hard\libgcc.a(_dvmd_tls.o)
                0x080004cc                __aeabi_idiv0
                0x080004cc                __aeabi_ldiv0
 *(.text*)
 .text.HAL_InitTick
                0x080004d0       0x48 Drivers/STM32F4xx_HAL_Driver/Src/stm32f4xx_hal.o
                0x080004d0                HAL_InitTick
 .text.HAL_Init
                0x08000518       0x34 Drivers/STM32F4xx_HAL_Driver/Src/stm32f4xx_hal.o
                0x08000518                HAL_Init
 .text.HAL_NVIC_SetPriorityGrouping
                0x0800054c       0x24 Drivers/STM32F4xx_HAL_Driver/Src/stm32f4xx_hal_cortex.o
                0x0800054c                HAL_NVIC_SetPriorityGrouping
 .text.HAL_NVIC_SetPriority
                0x08000570       0x68 Drivers/STM32F4xx_HAL_Driver/Src/stm32f4xx_hal_cortex.o
                0x08000570                HAL_NVIC_SetPriority
 .text.HAL_SYSTICK_Config
                0x080005d8       0x2c Drivers/STM32F4xx_HAL_Driver/Src/stm32f4xx_hal_cortex.o
                0x080005d8                HAL_SYSTICK_Config
 .text.HAL_SYSTICK_CLKSourceConfig
                0x08000604       0x20 Drivers/STM32F4xx_HAL_Driver/Src/stm32f4xx_hal_cortex.o
                0x08000604                HAL_SYSTICK_CLKSourceConfig
 .text.HAL_GPIO_Init
                0x08000624      0x1c8 Drivers/STM32F4xx_HAL_Driver/Src/stm32f4xx_hal_gpio.o
                0x08000624                HAL_GPIO_Init
 .text.HAL_RCC_OscConfig
                0x080007ec      0x398 Drivers/STM32F4xx_HAL_Driver/Src/stm32f4xx_hal_rcc.o
                0x080007ec                HAL_RCC_OscConfig
 .text.HAL_RCC_GetSysClockFreq
                0x08000b84       0xd8 Drivers/STM32F4xx_HAL_Driver/Src/stm32f4xx_hal_rcc.o
                0x08000b84                HAL_RCC_GetSysClockFreq
 .text.HAL_RCC_ClockConfig
                0x08000c5c      0x158 Drivers/STM32F4xx_HAL_Driver/Src/stm32f4xx_hal_rcc.o
                0x08000c5c                HAL_RCC_ClockConfig
 .text.HAL_RCC_GetHCLKFreq
                0x08000db4        0xc Drivers/STM32F4xx_HAL_Driver/Src/stm32f4xx_hal_rcc.o
                0x08000db4                HAL_RCC_GetHCLKFreq
 .text.HAL_RCC_GetPCLK1Freq
                0x08000dc0       0x20 Drivers/STM32F4xx_HAL_Driver/Src/stm32f4xx_hal_rcc.o
                0x08000dc0                HAL_RCC_GetPCLK1Freq
 .text.HAL_RCC_GetPCLK2Freq
                0x08000de0       0x20 Drivers/STM32F4xx_HAL_Driver/Src/stm32f4xx_hal_rcc.o
                0x08000de0                HAL_RCC_GetPCLK2Freq
 .text.TIM_OC1_SetConfig
                0x08000e00       0x5c Drivers/STM32F4xx_HAL_Driver/Src/stm32f4xx_hal_tim.o
 .text.TIM_OC3_SetConfig
                0x08000e5c       0x60 Drivers/STM32F4xx_HAL_Driver/Src/stm32f4xx_hal_tim.o
 .text.TIM_OC4_SetConfig
                0x08000ebc       0x50 Drivers/STM32F4xx_HAL_Driver/Src/stm32f4xx_hal_tim.o
 .text.TIM_TI1_ConfigInputStage
                0x08000f0c       0x26 Drivers/STM32F4xx_HAL_Driver/Src/stm32f4xx_hal_tim.o
 .text.TIM_TI2_ConfigInputStage
                0x08000f32       0x28 Drivers/STM32F4xx_HAL_Driver/Src/stm32f4xx_hal_tim.o
 .text.TIM_ITRx_SetConfig
                0x08000f5a       0x10 Drivers/STM32F4xx_HAL_Driver/Src/stm32f4xx_hal_tim.o
 .text.TIM_ETR_SetConfig
                0x08000f6a       0x18 Drivers/STM32F4xx_HAL_Driver/Src/stm32f4xx_hal_tim.o
 .text.HAL_TIM_PWM_MspInit
                0x08000f82        0x2 Drivers/STM32F4xx_HAL_Driver/Src/stm32f4xx_hal_tim.o
                0x08000f82                HAL_TIM_PWM_MspInit
 .text.HAL_TIM_ConfigClockSource
                0x08000f84      0x108 Drivers/STM32F4xx_HAL_Driver/Src/stm32f4xx_hal_tim.o
                0x08000f84                HAL_TIM_ConfigClockSource
 .text.TIM_Base_SetConfig
                0x0800108c       0xc0 Drivers/STM32F4xx_HAL_Driver/Src/stm32f4xx_hal_tim.o
                0x0800108c                TIM_Base_SetConfig
 .text.HAL_TIM_Base_Init
                0x0800114c       0x32 Drivers/STM32F4xx_HAL_Driver/Src/stm32f4xx_hal_tim.o
                0x0800114c                HAL_TIM_Base_Init
 .text.HAL_TIM_PWM_Init
                0x0800117e       0x32 Drivers/STM32F4xx_HAL_Driver/Src/stm32f4xx_hal_tim.o
                0x0800117e                HAL_TIM_PWM_Init
 .text.TIM_OC2_SetConfig
                0x080011b0       0x64 Drivers/STM32F4xx_HAL_Driver/Src/stm32f4xx_hal_tim.o
                0x080011b0                TIM_OC2_SetConfig
 .text.HAL_TIM_PWM_ConfigChannel
                0x08001214       0xdc Drivers/STM32F4xx_HAL_Driver/Src/stm32f4xx_hal_tim.o
                0x08001214                HAL_TIM_PWM_ConfigChannel
 .text.TIM_CCxChannelCmd
                0x080012f0       0x1e Drivers/STM32F4xx_HAL_Driver/Src/stm32f4xx_hal_tim.o
                0x080012f0                TIM_CCxChannelCmd
 *fill*         0x0800130e        0x2 
 .text.HAL_TIM_PWM_Start
                0x08001310       0x38 Drivers/STM32F4xx_HAL_Driver/Src/stm32f4xx_hal_tim.o
                0x08001310                HAL_TIM_PWM_Start
 .text.HAL_TIMEx_MasterConfigSynchronization
                0x08001348       0x52 Drivers/STM32F4xx_HAL_Driver/Src/stm32f4xx_hal_tim_ex.o
                0x08001348                HAL_TIMEx_MasterConfigSynchronization
 *fill*         0x0800139a        0x2 
 .text.UART_SetConfig
                0x0800139c      0x334 Drivers/STM32F4xx_HAL_Driver/Src/stm32f4xx_hal_uart.o
 .text.HAL_UART_Init
                0x080016d0       0x5e Drivers/STM32F4xx_HAL_Driver/Src/stm32f4xx_hal_uart.o
                0x080016d0                HAL_UART_Init
 .text.makeFreeRtosPriority
                0x0800172e        0xc Middlewares/Third_Party/FreeRTOS/Source/CMSIS_RTOS/cmsis_os.o
 .text.osKernelStart
                0x0800173a        0xa Middlewares/Third_Party/FreeRTOS/Source/CMSIS_RTOS/cmsis_os.o
                0x0800173a                osKernelStart
 .text.osThreadCreate
                0x08001744       0x34 Middlewares/Third_Party/FreeRTOS/Source/CMSIS_RTOS/cmsis_os.o
                0x08001744                osThreadCreate
 .text.osDelay  0x08001778       0x12 Middlewares/Third_Party/FreeRTOS/Source/CMSIS_RTOS/cmsis_os.o
                0x08001778                osDelay
 .text.osSemaphoreCreate
                0x0800178a       0x26 Middlewares/Third_Party/FreeRTOS/Source/CMSIS_RTOS/cmsis_os.o
                0x0800178a                osSemaphoreCreate
 .text.osSystickHandler
                0x080017b0       0x10 Middlewares/Third_Party/FreeRTOS/Source/CMSIS_RTOS/cmsis_os.o
                0x080017b0                osSystickHandler
 .text.vListInitialise
                0x080017c0       0x16 Middlewares/Third_Party/FreeRTOS/Source/list.o
                0x080017c0                vListInitialise
 .text.vListInitialiseItem
                0x080017d6        0x6 Middlewares/Third_Party/FreeRTOS/Source/list.o
                0x080017d6                vListInitialiseItem
 .text.vListInsertEnd
                0x080017dc       0x18 Middlewares/Third_Party/FreeRTOS/Source/list.o
                0x080017dc                vListInsertEnd
 .text.vListInsert
                0x080017f4       0x34 Middlewares/Third_Party/FreeRTOS/Source/list.o
                0x080017f4                vListInsert
 .text.uxListRemove
                0x08001828       0x26 Middlewares/Third_Party/FreeRTOS/Source/list.o
                0x08001828                uxListRemove
 .text.prvIsQueueFull
                0x0800184e       0x1e Middlewares/Third_Party/FreeRTOS/Source/queue.o
 .text.prvIsQueueEmpty
                0x0800186c       0x1a Middlewares/Third_Party/FreeRTOS/Source/queue.o
 .text.prvCopyDataToQueue
                0x08001886       0x76 Middlewares/Third_Party/FreeRTOS/Source/queue.o
 .text.prvCopyDataFromQueue
                0x080018fc       0x24 Middlewares/Third_Party/FreeRTOS/Source/queue.o
 .text.prvUnlockQueue
                0x08001920       0x6e Middlewares/Third_Party/FreeRTOS/Source/queue.o
 *fill*         0x0800198e        0x2 
 .text.xQueueGenericReset
                0x08001990       0x84 Middlewares/Third_Party/FreeRTOS/Source/queue.o
                0x08001990                xQueueGenericReset
 .text.prvInitialiseNewQueue
                0x08001a14       0x1c Middlewares/Third_Party/FreeRTOS/Source/queue.o
 .text.xQueueGenericCreate
                0x08001a30       0x48 Middlewares/Third_Party/FreeRTOS/Source/queue.o
                0x08001a30                xQueueGenericCreate
 .text.xQueueGenericSend
                0x08001a78      0x17c Middlewares/Third_Party/FreeRTOS/Source/queue.o
                0x08001a78                xQueueGenericSend
 .text.xQueueGenericSendFromISR
                0x08001bf4       0xcc Middlewares/Third_Party/FreeRTOS/Source/queue.o
                0x08001bf4                xQueueGenericSendFromISR
 .text.xQueueGenericReceive
                0x08001cc0      0x1a4 Middlewares/Third_Party/FreeRTOS/Source/queue.o
                0x08001cc0                xQueueGenericReceive
 .text.vQueueAddToRegistry
                0x08001e64       0x28 Middlewares/Third_Party/FreeRTOS/Source/queue.o
                0x08001e64                vQueueAddToRegistry
 .text.vQueueWaitForMessageRestricted
                0x08001e8c       0x52 Middlewares/Third_Party/FreeRTOS/Source/queue.o
                0x08001e8c                vQueueWaitForMessageRestricted
 *fill*         0x08001ede        0x2 
 .text.prvResetNextTaskUnblockTime
                0x08001ee0       0x24 Middlewares/Third_Party/FreeRTOS/Source/tasks.o
 .text.prvDeleteTCB
                0x08001f04       0x12 Middlewares/Third_Party/FreeRTOS/Source/tasks.o
 .text.prvInitialiseNewTask
                0x08001f16       0x80 Middlewares/Third_Party/FreeRTOS/Source/tasks.o
 *fill*         0x08001f96        0x2 
 .text.prvInitialiseTaskLists
                0x08001f98       0x58 Middlewares/Third_Party/FreeRTOS/Source/tasks.o
 .text.prvAddNewTaskToReadyList
                0x08001ff0       0xac Middlewares/Third_Party/FreeRTOS/Source/tasks.o
 .text.prvAddCurrentTaskToDelayedList
                0x0800209c       0x88 Middlewares/Third_Party/FreeRTOS/Source/tasks.o
 .text.xTaskCreate
                0x08002124       0x62 Middlewares/Third_Party/FreeRTOS/Source/tasks.o
                0x08002124                xTaskCreate
 *fill*         0x08002186        0x2 
 .text.vTaskStartScheduler
                0x08002188       0x7c Middlewares/Third_Party/FreeRTOS/Source/tasks.o
                0x08002188                vTaskStartScheduler
 .text.vTaskSuspendAll
                0x08002204       0x14 Middlewares/Third_Party/FreeRTOS/Source/tasks.o
                0x08002204                vTaskSuspendAll
 .text.xTaskGetTickCount
                0x08002218        0xc Middlewares/Third_Party/FreeRTOS/Source/tasks.o
                0x08002218                xTaskGetTickCount
 .text.xTaskIncrementTick
                0x08002224      0x10c Middlewares/Third_Party/FreeRTOS/Source/tasks.o
                0x08002224                xTaskIncrementTick
 .text.xTaskResumeAll
                0x08002330       0xf0 Middlewares/Third_Party/FreeRTOS/Source/tasks.o
                0x08002330                xTaskResumeAll
 .text.vTaskDelay
                0x08002420       0x4c Middlewares/Third_Party/FreeRTOS/Source/tasks.o
                0x08002420                vTaskDelay
 .text.prvCheckTasksWaitingTermination
                0x0800246c       0x54 Middlewares/Third_Party/FreeRTOS/Source/tasks.o
 .text.prvIdleTask
                0x080024c0       0x28 Middlewares/Third_Party/FreeRTOS/Source/tasks.o
 .text.vTaskSwitchContext
                0x080024e8       0x90 Middlewares/Third_Party/FreeRTOS/Source/tasks.o
                0x080024e8                vTaskSwitchContext
 .text.vTaskPlaceOnEventList
                0x08002578       0x34 Middlewares/Third_Party/FreeRTOS/Source/tasks.o
                0x08002578                vTaskPlaceOnEventList
 .text.vTaskPlaceOnEventListRestricted
                0x080025ac       0x3c Middlewares/Third_Party/FreeRTOS/Source/tasks.o
                0x080025ac                vTaskPlaceOnEventListRestricted
 .text.xTaskRemoveFromEventList
                0x080025e8       0x84 Middlewares/Third_Party/FreeRTOS/Source/tasks.o
                0x080025e8                xTaskRemoveFromEventList
 .text.vTaskSetTimeOutState
                0x0800266c       0x28 Middlewares/Third_Party/FreeRTOS/Source/tasks.o
                0x0800266c                vTaskSetTimeOutState
 .text.xTaskCheckForTimeOut
                0x08002694       0x80 Middlewares/Third_Party/FreeRTOS/Source/tasks.o
                0x08002694                xTaskCheckForTimeOut
 .text.vTaskMissedYield
                0x08002714       0x10 Middlewares/Third_Party/FreeRTOS/Source/tasks.o
                0x08002714                vTaskMissedYield
 .text.xTaskGetSchedulerState
                0x08002724       0x20 Middlewares/Third_Party/FreeRTOS/Source/tasks.o
                0x08002724                xTaskGetSchedulerState
 .text.vTaskPriorityInherit
                0x08002744       0xac Middlewares/Third_Party/FreeRTOS/Source/tasks.o
                0x08002744                vTaskPriorityInherit
 .text.xTaskPriorityDisinherit
                0x080027f0       0xb0 Middlewares/Third_Party/FreeRTOS/Source/tasks.o
                0x080027f0                xTaskPriorityDisinherit
 .text.pvTaskIncrementMutexHeldCount
                0x080028a0       0x20 Middlewares/Third_Party/FreeRTOS/Source/tasks.o
                0x080028a0                pvTaskIncrementMutexHeldCount
 .text.prvGetNextExpireTime
                0x080028c0       0x20 Middlewares/Third_Party/FreeRTOS/Source/timers.o
 .text.prvInsertTimerInActiveList
                0x080028e0       0x44 Middlewares/Third_Party/FreeRTOS/Source/timers.o
 .text.prvCheckForValidListAndQueue
                0x08002924       0x4c Middlewares/Third_Party/FreeRTOS/Source/timers.o
 .text.xTimerCreateTimerTask
                0x08002970       0x50 Middlewares/Third_Party/FreeRTOS/Source/timers.o
                0x08002970                xTimerCreateTimerTask
 .text.xTimerGenericCommand
                0x080029c0       0x6c Middlewares/Third_Party/FreeRTOS/Source/timers.o
                0x080029c0                xTimerGenericCommand
 .text.prvSwitchTimerLists
                0x08002a2c       0x88 Middlewares/Third_Party/FreeRTOS/Source/timers.o
 .text.prvSampleTimeNow
                0x08002ab4       0x2c Middlewares/Third_Party/FreeRTOS/Source/timers.o
 .text.prvProcessExpiredTimer
                0x08002ae0       0x60 Middlewares/Third_Party/FreeRTOS/Source/timers.o
 .text.prvProcessTimerOrBlockTask
                0x08002b40       0x70 Middlewares/Third_Party/FreeRTOS/Source/timers.o
 .text.prvProcessReceivedCommands
                0x08002bb0       0xe4 Middlewares/Third_Party/FreeRTOS/Source/timers.o
 .text.prvTimerTask
                0x08002c94       0x16 Middlewares/Third_Party/FreeRTOS/Source/timers.o
 *fill*         0x08002caa        0x2 
 .text.prvTaskExitError
                0x08002cac       0x34 Middlewares/Third_Party/FreeRTOS/Source/portable/GCC/ARM_CM4F/port.o
 .text.prvPortStartFirstTask
                0x08002ce0       0x20 Middlewares/Third_Party/FreeRTOS/Source/portable/GCC/ARM_CM4F/port.o
 .text.vPortEnableVFP
                0x08002d00       0x14 Middlewares/Third_Party/FreeRTOS/Source/portable/GCC/ARM_CM4F/port.o
 .text.pxPortInitialiseStack
                0x08002d14       0x2c Middlewares/Third_Party/FreeRTOS/Source/portable/GCC/ARM_CM4F/port.o
                0x08002d14                pxPortInitialiseStack
 .text.SVC_Handler
                0x08002d40       0x24 Middlewares/Third_Party/FreeRTOS/Source/portable/GCC/ARM_CM4F/port.o
                0x08002d40                SVC_Handler
 .text.vPortEnterCritical
                0x08002d64       0x44 Middlewares/Third_Party/FreeRTOS/Source/portable/GCC/ARM_CM4F/port.o
                0x08002d64                vPortEnterCritical
 .text.vPortExitCritical
                0x08002da8       0x2c Middlewares/Third_Party/FreeRTOS/Source/portable/GCC/ARM_CM4F/port.o
                0x08002da8                vPortExitCritical
 *fill*         0x08002dd4        0xc 
 .text.PendSV_Handler
                0x08002de0       0x64 Middlewares/Third_Party/FreeRTOS/Source/portable/GCC/ARM_CM4F/port.o
                0x08002de0                PendSV_Handler
 .text.xPortSysTickHandler
                0x08002e44       0x2c Middlewares/Third_Party/FreeRTOS/Source/portable/GCC/ARM_CM4F/port.o
                0x08002e44                xPortSysTickHandler
 .text.vPortSetupTimerInterrupt
                0x08002e70       0x2c Middlewares/Third_Party/FreeRTOS/Source/portable/GCC/ARM_CM4F/port.o
                0x08002e70                vPortSetupTimerInterrupt
 .text.xPortStartScheduler
                0x08002e9c       0xe8 Middlewares/Third_Party/FreeRTOS/Source/portable/GCC/ARM_CM4F/port.o
                0x08002e9c                xPortStartScheduler
 .text.vPortValidateInterruptPriority
                0x08002f84       0x58 Middlewares/Third_Party/FreeRTOS/Source/portable/GCC/ARM_CM4F/port.o
                0x08002f84                vPortValidateInterruptPriority
 .text.prvHeapInit
                0x08002fdc       0x4c Middlewares/Third_Party/FreeRTOS/Source/portable/MemMang/heap_4.o
 .text.prvInsertBlockIntoFreeList
                0x08003028       0x54 Middlewares/Third_Party/FreeRTOS/Source/portable/MemMang/heap_4.o
 .text.pvPortMalloc
                0x0800307c       0xf4 Middlewares/Third_Party/FreeRTOS/Source/portable/MemMang/heap_4.o
                0x0800307c                pvPortMalloc
 .text.vPortFree
                0x08003170       0x6c Middlewares/Third_Party/FreeRTOS/Source/portable/MemMang/heap_4.o
                0x08003170                vPortFree
 .text.TM_DELAY_Init
                0x080031dc       0x3c Src/TM/tm_stm32_delay.o
                0x080031dc                TM_DELAY_Init
 .text.TM_DELAY_1msHandler
                0x08003218        0x2 Src/TM/tm_stm32_delay.o
                0x08003218                TM_DELAY_1msHandler
 *fill*         0x0800321a        0x2 
 .text.HAL_IncTick
                0x0800321c       0x80 Src/TM/tm_stm32_delay.o
                0x0800321c                HAL_IncTick
 .text.HAL_GetTick
                0x0800329c        0xc Src/TM/tm_stm32_delay.o
                0x0800329c                HAL_GetTick
 .text.TM_DS18B20_StartAll
                0x080032a8       0x1a Src/TM/tm_stm32_ds18b20.o
                0x080032a8                TM_DS18B20_StartAll
 .text.TM_DS18B20_Is
                0x080032c2        0xe Src/TM/tm_stm32_ds18b20.o
                0x080032c2                TM_DS18B20_Is
 .text.TM_DS18B20_Read
                0x080032d0      0x13c Src/TM/tm_stm32_ds18b20.o
                0x080032d0                TM_DS18B20_Read
 .text.TM_DS18B20_SetResolution
                0x0800340c       0xcc Src/TM/tm_stm32_ds18b20.o
                0x0800340c                TM_DS18B20_SetResolution
 .text.TM_DS18B20_SetAlarmLowTemperature
                0x080034d8       0xae Src/TM/tm_stm32_ds18b20.o
                0x080034d8                TM_DS18B20_SetAlarmLowTemperature
 .text.TM_DS18B20_SetAlarmHighTemperature
                0x08003586       0xae Src/TM/tm_stm32_ds18b20.o
                0x08003586                TM_DS18B20_SetAlarmHighTemperature
 .text.TM_DS18B20_AllDone
                0x08003634        0x8 Src/TM/tm_stm32_ds18b20.o
                0x08003634                TM_DS18B20_AllDone
 .text.TM_GPIO_SetPinAsInput
                0x0800363c       0x40 Src/TM/tm_stm32_gpio.o
                0x0800363c                TM_GPIO_SetPinAsInput
 .text.TM_GPIO_SetPinAsOutput
                0x0800367c       0x46 Src/TM/tm_stm32_gpio.o
                0x0800367c                TM_GPIO_SetPinAsOutput
 .text.TM_GPIO_GetPortSource
                0x080036c2        0xe Src/TM/tm_stm32_gpio.o
                0x080036c2                TM_GPIO_GetPortSource
 .text.TM_GPIO_INT_EnableClock
                0x080036d0       0x1c Src/TM/tm_stm32_gpio.o
                0x080036d0                TM_GPIO_INT_EnableClock
 .text.TM_GPIO_INT_Init
                0x080036ec       0xa8 Src/TM/tm_stm32_gpio.o
                0x080036ec                TM_GPIO_INT_Init
 .text.TM_GPIO_Init
                0x08003794       0x30 Src/TM/tm_stm32_gpio.o
                0x08003794                TM_GPIO_Init
 .text.TM_OneWire_Init
                0x080037c4       0x26 Src/TM/tm_stm32_onewire.o
                0x080037c4                TM_OneWire_Init
 *fill*         0x080037ea        0x2 
 .text.TM_OneWire_Reset
                0x080037ec       0x9c Src/TM/tm_stm32_onewire.o
                0x080037ec                TM_OneWire_Reset
 .text.TM_OneWire_WriteBit
                0x08003888       0xd4 Src/TM/tm_stm32_onewire.o
                0x08003888                TM_OneWire_WriteBit
 .text.TM_OneWire_ReadBit
                0x0800395c       0x98 Src/TM/tm_stm32_onewire.o
                0x0800395c                TM_OneWire_ReadBit
 .text.TM_OneWire_WriteByte
                0x080039f4       0x22 Src/TM/tm_stm32_onewire.o
                0x080039f4                TM_OneWire_WriteByte
 .text.TM_OneWire_ReadByte
                0x08003a16       0x24 Src/TM/tm_stm32_onewire.o
                0x08003a16                TM_OneWire_ReadByte
 .text.TM_OneWire_ResetSearch
                0x08003a3a        0xa Src/TM/tm_stm32_onewire.o
                0x08003a3a                TM_OneWire_ResetSearch
 .text.TM_OneWire_Search
                0x08003a44       0xe4 Src/TM/tm_stm32_onewire.o
                0x08003a44                TM_OneWire_Search
 .text.TM_OneWire_First
                0x08003b28       0x12 Src/TM/tm_stm32_onewire.o
                0x08003b28                TM_OneWire_First
 .text.TM_OneWire_SelectWithPointer
                0x08003b3a       0x22 Src/TM/tm_stm32_onewire.o
                0x08003b3a                TM_OneWire_SelectWithPointer
 .text.TM_OneWire_GetFullROM
                0x08003b5c       0x14 Src/TM/tm_stm32_onewire.o
                0x08003b5c                TM_OneWire_GetFullROM
 .text.TM_OneWire_CRC8
                0x08003b70       0x3c Src/TM/tm_stm32_onewire.o
                0x08003b70                TM_OneWire_CRC8
 .text.MX_GPIO_Init
                0x08003bac       0x4c Src/main.o
 .text.StartDefaultTask
                0x08003bf8       0xe0 Src/main.o
                0x08003bf8                StartDefaultTask
 .text._Error_Handler
                0x08003cd8        0x2 Src/main.o
                0x08003cd8                _Error_Handler
 *fill*         0x08003cda        0x2 
 .text.MX_USART2_UART_Init
                0x08003cdc       0x3c Src/main.o
 .text.MX_TIM4_Init
                0x08003d18       0xf8 Src/main.o
 .text.SystemClock_Config
                0x08003e10       0xcc Src/main.o
                0x08003e10                SystemClock_Config
 .text.main     0x08003edc       0xfc Src/main.o
                0x08003edc                main
 .text.HAL_MspInit
                0x08003fd8       0x94 Src/stm32f4xx_hal_msp.o
                0x08003fd8                HAL_MspInit
 .text.HAL_TIM_Base_MspInit
                0x0800406c       0x30 Src/stm32f4xx_hal_msp.o
                0x0800406c                HAL_TIM_Base_MspInit
 .text.HAL_TIM_MspPostInit
                0x0800409c       0x38 Src/stm32f4xx_hal_msp.o
                0x0800409c                HAL_TIM_MspPostInit
 .text.HAL_UART_MspInit
                0x080040d4       0x54 Src/stm32f4xx_hal_msp.o
                0x080040d4                HAL_UART_MspInit
 .text.SysTick_Handler
                0x08004128        0xc Src/stm32f4xx_it.o
                0x08004128                SysTick_Handler
 .text.SystemInit
                0x08004134       0x4c Src/system_stm32f4xx.o
                0x08004134                SystemInit
 .text.Reset_Handler
                0x08004180       0x50 startup/startup_stm32f407xx.o
                0x08004180                Reset_Handler
 .text.Default_Handler
                0x080041d0        0x2 startup/startup_stm32f407xx.o
                0x080041d0                RTC_Alarm_IRQHandler
                0x080041d0                HASH_RNG_IRQHandler
                0x080041d0                EXTI2_IRQHandler
                0x080041d0                TIM8_CC_IRQHandler
                0x080041d0                DebugMon_Handler
                0x080041d0                TIM1_CC_IRQHandler
                0x080041d0                DMA2_Stream5_IRQHandler
                0x080041d0                HardFault_Handler
                0x080041d0                DMA1_Stream5_IRQHandler
                0x080041d0                PVD_IRQHandler
                0x080041d0                SDIO_IRQHandler
                0x080041d0                TAMP_STAMP_IRQHandler
                0x080041d0                NMI_Handler
                0x080041d0                CAN2_RX1_IRQHandler
                0x080041d0                EXTI3_IRQHandler
                0x080041d0                TIM8_TRG_COM_TIM14_IRQHandler
                0x080041d0                TIM1_UP_TIM10_IRQHandler
                0x080041d0                TIM8_UP_TIM13_IRQHandler
                0x080041d0                I2C3_ER_IRQHandler
                0x080041d0                EXTI0_IRQHandler
                0x080041d0                I2C2_EV_IRQHandler
                0x080041d0                DMA1_Stream2_IRQHandler
                0x080041d0                CAN1_RX0_IRQHandler
                0x080041d0                FPU_IRQHandler
                0x080041d0                OTG_HS_WKUP_IRQHandler
                0x080041d0                UsageFault_Handler
                0x080041d0                CAN2_SCE_IRQHandler
                0x080041d0                DMA2_Stream2_IRQHandler
                0x080041d0                SPI1_IRQHandler
                0x080041d0                TIM6_DAC_IRQHandler
                0x080041d0                TIM1_BRK_TIM9_IRQHandler
                0x080041d0                DCMI_IRQHandler
                0x080041d0                CAN2_RX0_IRQHandler
                0x080041d0                DMA2_Stream3_IRQHandler
                0x080041d0                USART6_IRQHandler
                0x080041d0                USART3_IRQHandler
                0x080041d0                CAN1_RX1_IRQHandler
                0x080041d0                UART5_IRQHandler
                0x080041d0                DMA2_Stream0_IRQHandler
                0x080041d0                TIM4_IRQHandler
                0x080041d0                I2C1_EV_IRQHandler
                0x080041d0                DMA1_Stream6_IRQHandler
                0x080041d0                DMA1_Stream1_IRQHandler
                0x080041d0                UART4_IRQHandler
                0x080041d0                TIM3_IRQHandler
                0x080041d0                RCC_IRQHandler
                0x080041d0                TIM8_BRK_TIM12_IRQHandler
                0x080041d0                Default_Handler
                0x080041d0                EXTI15_10_IRQHandler
                0x080041d0                ADC_IRQHandler
                0x080041d0                DMA1_Stream7_IRQHandler
                0x080041d0                TIM7_IRQHandler
                0x080041d0                CAN2_TX_IRQHandler
                0x080041d0                TIM5_IRQHandler
                0x080041d0                DMA2_Stream7_IRQHandler
                0x080041d0                I2C3_EV_IRQHandler
                0x080041d0                EXTI9_5_IRQHandler
                0x080041d0                RTC_WKUP_IRQHandler
                0x080041d0                ETH_WKUP_IRQHandler
                0x080041d0                SPI2_IRQHandler
                0x080041d0                OTG_HS_EP1_IN_IRQHandler
                0x080041d0                MemManage_Handler
                0x080041d0                DMA1_Stream0_IRQHandler
                0x080041d0                CAN1_TX_IRQHandler
                0x080041d0                EXTI4_IRQHandler
                0x080041d0                FSMC_IRQHandler
                0x080041d0                ETH_IRQHandler
                0x080041d0                OTG_HS_EP1_OUT_IRQHandler
                0x080041d0                WWDG_IRQHandler
                0x080041d0                TIM2_IRQHandler
                0x080041d0                OTG_FS_WKUP_IRQHandler
                0x080041d0                TIM1_TRG_COM_TIM11_IRQHandler
                0x080041d0                OTG_HS_IRQHandler
                0x080041d0                EXTI1_IRQHandler
                0x080041d0                USART2_IRQHandler
                0x080041d0                I2C2_ER_IRQHandler
                0x080041d0                DMA2_Stream1_IRQHandler
                0x080041d0                CAN1_SCE_IRQHandler
                0x080041d0                FLASH_IRQHandler
                0x080041d0                DMA2_Stream4_IRQHandler
                0x080041d0                BusFault_Handler
                0x080041d0                USART1_IRQHandler
                0x080041d0                OTG_FS_IRQHandler
                0x080041d0                SPI3_IRQHandler
                0x080041d0                DMA1_Stream4_IRQHandler
                0x080041d0                I2C1_ER_IRQHandler
                0x080041d0                DMA2_Stream6_IRQHandler
                0x080041d0                DMA1_Stream3_IRQHandler
 *fill*         0x080041d2        0x2 
 .text.__libc_init_array
                0x080041d4       0x48 c:/users/zen35/documents/zen3515/ac6/systemworkbench/plugins/fr.ac6.mcu.externaltools.arm-none.win32_1.16.0.201807130628/tools/compiler/bin/../lib/gcc/arm-none-eabi/7.2.1/../../../../arm-none-eabi/lib/thumb/v7e-m/fpv4-sp/hard\libc_nano.a(lib_a-init.o)
                0x080041d4                __libc_init_array
 .text.memcpy   0x0800421c       0x16 c:/users/zen35/documents/zen3515/ac6/systemworkbench/plugins/fr.ac6.mcu.externaltools.arm-none.win32_1.16.0.201807130628/tools/compiler/bin/../lib/gcc/arm-none-eabi/7.2.1/../../../../arm-none-eabi/lib/thumb/v7e-m/fpv4-sp/hard\libc_nano.a(lib_a-memcpy-stub.o)
                0x0800421c                memcpy
 *(.glue_7)
 .glue_7        0x08004232        0x0 linker stubs
 *(.glue_7t)
 .glue_7t       0x08004232        0x0 linker stubs
 *(.eh_frame)
 *fill*         0x08004232        0x2 
 .eh_frame      0x08004234        0x0 c:/users/zen35/documents/zen3515/ac6/systemworkbench/plugins/fr.ac6.mcu.externaltools.arm-none.win32_1.16.0.201807130628/tools/compiler/bin/../lib/gcc/arm-none-eabi/7.2.1/thumb/v7e-m/fpv4-sp/hard/crtbegin.o
 *(.init)
 .init          0x08004234        0x4 c:/users/zen35/documents/zen3515/ac6/systemworkbench/plugins/fr.ac6.mcu.externaltools.arm-none.win32_1.16.0.201807130628/tools/compiler/bin/../lib/gcc/arm-none-eabi/7.2.1/thumb/v7e-m/fpv4-sp/hard/crti.o
                0x08004234                _init
 .init          0x08004238        0x8 c:/users/zen35/documents/zen3515/ac6/systemworkbench/plugins/fr.ac6.mcu.externaltools.arm-none.win32_1.16.0.201807130628/tools/compiler/bin/../lib/gcc/arm-none-eabi/7.2.1/thumb/v7e-m/fpv4-sp/hard/crtn.o
 *(.fini)
 .fini          0x08004240        0x4 c:/users/zen35/documents/zen3515/ac6/systemworkbench/plugins/fr.ac6.mcu.externaltools.arm-none.win32_1.16.0.201807130628/tools/compiler/bin/../lib/gcc/arm-none-eabi/7.2.1/thumb/v7e-m/fpv4-sp/hard/crti.o
                0x08004240                _fini
 .fini          0x08004244        0x8 c:/users/zen35/documents/zen3515/ac6/systemworkbench/plugins/fr.ac6.mcu.externaltools.arm-none.win32_1.16.0.201807130628/tools/compiler/bin/../lib/gcc/arm-none-eabi/7.2.1/thumb/v7e-m/fpv4-sp/hard/crtn.o
                0x0800424c                . = ALIGN (0x4)
                0x0800424c                _etext = .

.vfp11_veneer   0x0800424c        0x0
 .vfp11_veneer  0x0800424c        0x0 linker stubs

.v4_bx          0x0800424c        0x0
 .v4_bx         0x0800424c        0x0 linker stubs

.iplt           0x0800424c        0x0
 .iplt          0x0800424c        0x0 c:/users/zen35/documents/zen3515/ac6/systemworkbench/plugins/fr.ac6.mcu.externaltools.arm-none.win32_1.16.0.201807130628/tools/compiler/bin/../lib/gcc/arm-none-eabi/7.2.1/thumb/v7e-m/fpv4-sp/hard/crtbegin.o

.rodata         0x0800424c       0x84
                0x0800424c                . = ALIGN (0x4)
 *(.rodata)
 .rodata        0x0800424c       0x2c Src/main.o
                0x08004274                MAXFANSPEED
 .rodata        0x08004278       0x18 Src/system_stm32f4xx.o
                0x08004278                AHBPrescTable
                0x08004288                APBPrescTable
 *(.rodata*)
 .rodata.str1.4
                0x08004290        0x5 Middlewares/Third_Party/FreeRTOS/Source/tasks.o
 *fill*         0x08004295        0x3 
 .rodata.str1.4
                0x08004298       0x10 Middlewares/Third_Party/FreeRTOS/Source/timers.o
 .rodata.str1.4
                0x080042a8       0x28 Src/main.o
                0x080042d0                . = ALIGN (0x4)

.ARM.extab
 *(.ARM.extab* .gnu.linkonce.armextab.*)

.ARM            0x080042d0        0x8
                0x080042d0                __exidx_start = .
 *(.ARM.exidx*)
 .ARM.exidx     0x080042d0        0x8 c:/users/zen35/documents/zen3515/ac6/systemworkbench/plugins/fr.ac6.mcu.externaltools.arm-none.win32_1.16.0.201807130628/tools/compiler/bin/../lib/gcc/arm-none-eabi/7.2.1/thumb/v7e-m/fpv4-sp/hard\libgcc.a(_udivmoddi4.o)
                0x080042d8                __exidx_end = .

.rel.dyn        0x080042d8        0x0
 .rel.iplt      0x080042d8        0x0 c:/users/zen35/documents/zen3515/ac6/systemworkbench/plugins/fr.ac6.mcu.externaltools.arm-none.win32_1.16.0.201807130628/tools/compiler/bin/../lib/gcc/arm-none-eabi/7.2.1/thumb/v7e-m/fpv4-sp/hard/crtbegin.o

.preinit_array  0x080042d8        0x0
                0x080042d8                PROVIDE (__preinit_array_start, .)
 *(.preinit_array*)
                0x080042d8                PROVIDE (__preinit_array_end, .)

.init_array     0x080042d8        0x4
                0x080042d8                PROVIDE (__init_array_start, .)
 *(SORT_BY_NAME(.init_array.*))
 *(.init_array*)
 .init_array    0x080042d8        0x4 c:/users/zen35/documents/zen3515/ac6/systemworkbench/plugins/fr.ac6.mcu.externaltools.arm-none.win32_1.16.0.201807130628/tools/compiler/bin/../lib/gcc/arm-none-eabi/7.2.1/thumb/v7e-m/fpv4-sp/hard/crtbegin.o
                0x080042dc                PROVIDE (__init_array_end, .)

.fini_array     0x080042dc        0x4
                [!provide]                PROVIDE (__fini_array_start, .)
 *(SORT_BY_NAME(.fini_array.*))
 *(.fini_array*)
 .fini_array    0x080042dc        0x4 c:/users/zen35/documents/zen3515/ac6/systemworkbench/plugins/fr.ac6.mcu.externaltools.arm-none.win32_1.16.0.201807130628/tools/compiler/bin/../lib/gcc/arm-none-eabi/7.2.1/thumb/v7e-m/fpv4-sp/hard/crtbegin.o
                [!provide]                PROVIDE (__fini_array_end, .)
                0x080042e0                _sidata = LOADADDR (.data)

.data           0x20000000       0x10 load address 0x080042e0
                0x20000000                . = ALIGN (0x4)
                0x20000000                _sdata = .
 *(.data)
 .data          0x20000000        0x8 Drivers/STM32F4xx_HAL_Driver/Src/stm32f4xx_hal.o
                0x20000000                uwTickFreq
                0x20000004                uwTickPrio
 .data          0x20000008        0x4 Middlewares/Third_Party/FreeRTOS/Source/portable/GCC/ARM_CM4F/port.o
 .data          0x2000000c        0x4 Src/system_stm32f4xx.o
                0x2000000c                SystemCoreClock
 *(.data*)
                0x20000010                . = ALIGN (0x4)
                0x20000010                _edata = .
                0x080042f0                _siccmram = LOADADDR (.ccmram)

.igot.plt       0x20000010        0x0 load address 0x080042f0
 .igot.plt      0x20000010        0x0 c:/users/zen35/documents/zen3515/ac6/systemworkbench/plugins/fr.ac6.mcu.externaltools.arm-none.win32_1.16.0.201807130628/tools/compiler/bin/../lib/gcc/arm-none-eabi/7.2.1/thumb/v7e-m/fpv4-sp/hard/crtbegin.o

.ccmram         0x10000000        0x0 load address 0x080042f0
                0x10000000                . = ALIGN (0x4)
                0x10000000                _sccmram = .
 *(.ccmram)
 *(.ccmram*)
                0x10000000                . = ALIGN (0x4)
                0x10000000                _eccmram = .
                0x10000000                . = ALIGN (0x4)

.bss            0x20000010     0x3ec8
                0x20000010                _sbss = .
                0x20000010                __bss_start__ = _sbss
 *(.bss)
 .bss           0x20000010       0x1c c:/users/zen35/documents/zen3515/ac6/systemworkbench/plugins/fr.ac6.mcu.externaltools.arm-none.win32_1.16.0.201807130628/tools/compiler/bin/../lib/gcc/arm-none-eabi/7.2.1/thumb/v7e-m/fpv4-sp/hard/crtbegin.o
 .bss           0x2000002c      0x12c Middlewares/Third_Party/FreeRTOS/Source/tasks.o
                0x2000012c                pxCurrentTCB
 .bss           0x20000158       0x3c Middlewares/Third_Party/FreeRTOS/Source/timers.o
 .bss           0x20000194        0x8 Middlewares/Third_Party/FreeRTOS/Source/portable/GCC/ARM_CM4F/port.o
 .bss           0x2000019c     0x3c18 Middlewares/Third_Party/FreeRTOS/Source/portable/MemMang/heap_4.o
 .bss           0x20003db4       0x20 Src/TM/tm_stm32_delay.o
                0x20003dcc                TM_Time
                0x20003dd0                TM_Time2
 .bss           0x20003dd4       0x1a Src/TM/tm_stm32_gpio.o
 *(.bss*)
 *(COMMON)
 *fill*         0x20003dee        0x2 
 COMMON         0x20003df0       0x40 Middlewares/Third_Party/FreeRTOS/Source/queue.o
                0x20003df0                xQueueRegistry
 COMMON         0x20003e30       0xa8 Src/main.o
                0x20003e30                defaultTaskHandle
                0x20003e34                DS_ROM
                0x20003e3c                htim4
                0x20003e78                binSemFanSpeedID
                0x20003e7c                temp
                0x20003e80                OW
                0x20003e94                binSemaphoreRGBStripID
                0x20003e98                huart2
                0x20003ed8                . = ALIGN (0x4)
                0x20003ed8                _ebss = .
                0x20003ed8                __bss_end__ = _ebss

._user_heap_stack
                0x20003ed8      0x600
                0x20003ed8                . = ALIGN (0x8)
                0x20003ed8                PROVIDE (end, .)
                [!provide]                PROVIDE (_end, .)
                0x200040d8                . = (. + _Min_Heap_Size)
 *fill*         0x20003ed8      0x200 
                0x200044d8                . = (. + _Min_Stack_Size)
 *fill*         0x200040d8      0x400 
                0x200044d8                . = ALIGN (0x8)

/DISCARD/
 libc.a(*)
 libm.a(*)
 libgcc.a(*)

.ARM.attributes
                0x00000000       0x30
 *(.ARM.attributes)
 .ARM.attributes
                0x00000000       0x22 c:/users/zen35/documents/zen3515/ac6/systemworkbench/plugins/fr.ac6.mcu.externaltools.arm-none.win32_1.16.0.201807130628/tools/compiler/bin/../lib/gcc/arm-none-eabi/7.2.1/thumb/v7e-m/fpv4-sp/hard/crti.o
 .ARM.attributes
                0x00000022       0x34 c:/users/zen35/documents/zen3515/ac6/systemworkbench/plugins/fr.ac6.mcu.externaltools.arm-none.win32_1.16.0.201807130628/tools/compiler/bin/../lib/gcc/arm-none-eabi/7.2.1/thumb/v7e-m/fpv4-sp/hard/crtbegin.o
 .ARM.attributes
                0x00000056       0x39 Drivers/STM32F4xx_HAL_Driver/Src/stm32f4xx_hal.o
 .ARM.attributes
                0x0000008f       0x39 Drivers/STM32F4xx_HAL_Driver/Src/stm32f4xx_hal_cortex.o
 .ARM.attributes
                0x000000c8       0x39 Drivers/STM32F4xx_HAL_Driver/Src/stm32f4xx_hal_gpio.o
 .ARM.attributes
                0x00000101       0x39 Drivers/STM32F4xx_HAL_Driver/Src/stm32f4xx_hal_rcc.o
 .ARM.attributes
                0x0000013a       0x39 Drivers/STM32F4xx_HAL_Driver/Src/stm32f4xx_hal_tim.o
 .ARM.attributes
                0x00000173       0x39 Drivers/STM32F4xx_HAL_Driver/Src/stm32f4xx_hal_tim_ex.o
 .ARM.attributes
                0x000001ac       0x39 Drivers/STM32F4xx_HAL_Driver/Src/stm32f4xx_hal_uart.o
 .ARM.attributes
                0x000001e5       0x39 Middlewares/Third_Party/FreeRTOS/Source/CMSIS_RTOS/cmsis_os.o
 .ARM.attributes
                0x0000021e       0x39 Middlewares/Third_Party/FreeRTOS/Source/list.o
 .ARM.attributes
                0x00000257       0x39 Middlewares/Third_Party/FreeRTOS/Source/queue.o
 .ARM.attributes
                0x00000290       0x39 Middlewares/Third_Party/FreeRTOS/Source/tasks.o
 .ARM.attributes
                0x000002c9       0x39 Middlewares/Third_Party/FreeRTOS/Source/timers.o
 .ARM.attributes
                0x00000302       0x39 Middlewares/Third_Party/FreeRTOS/Source/portable/GCC/ARM_CM4F/port.o
 .ARM.attributes
                0x0000033b       0x39 Middlewares/Third_Party/FreeRTOS/Source/portable/MemMang/heap_4.o
 .ARM.attributes
                0x00000374       0x39 Src/TM/tm_stm32_delay.o
 .ARM.attributes
                0x000003ad       0x39 Src/TM/tm_stm32_ds18b20.o
 .ARM.attributes
                0x000003e6       0x39 Src/TM/tm_stm32_gpio.o
 .ARM.attributes
                0x0000041f       0x39 Src/TM/tm_stm32_onewire.o
 .ARM.attributes
                0x00000458       0x39 Src/main.o
 .ARM.attributes
                0x00000491       0x39 Src/stm32f4xx_hal_msp.o
 .ARM.attributes
                0x000004ca       0x39 Src/stm32f4xx_it.o
 .ARM.attributes
                0x00000503       0x39 Src/system_stm32f4xx.o
 .ARM.attributes
                0x0000053c       0x21 startup/startup_stm32f407xx.o
 .ARM.attributes
                0x0000055d       0x22 c:/users/zen35/documents/zen3515/ac6/systemworkbench/plugins/fr.ac6.mcu.externaltools.arm-none.win32_1.16.0.201807130628/tools/compiler/bin/../lib/gcc/arm-none-eabi/7.2.1/thumb/v7e-m/fpv4-sp/hard\libgcc.a(_aeabi_uldivmod.o)
 .ARM.attributes
                0x0000057f       0x34 c:/users/zen35/documents/zen3515/ac6/systemworkbench/plugins/fr.ac6.mcu.externaltools.arm-none.win32_1.16.0.201807130628/tools/compiler/bin/../lib/gcc/arm-none-eabi/7.2.1/thumb/v7e-m/fpv4-sp/hard\libgcc.a(_udivmoddi4.o)
 .ARM.attributes
                0x000005b3       0x22 c:/users/zen35/documents/zen3515/ac6/systemworkbench/plugins/fr.ac6.mcu.externaltools.arm-none.win32_1.16.0.201807130628/tools/compiler/bin/../lib/gcc/arm-none-eabi/7.2.1/thumb/v7e-m/fpv4-sp/hard\libgcc.a(_dvmd_tls.o)
 .ARM.attributes
                0x000005d5       0x34 c:/users/zen35/documents/zen3515/ac6/systemworkbench/plugins/fr.ac6.mcu.externaltools.arm-none.win32_1.16.0.201807130628/tools/compiler/bin/../lib/gcc/arm-none-eabi/7.2.1/../../../../arm-none-eabi/lib/thumb/v7e-m/fpv4-sp/hard\libc_nano.a(lib_a-init.o)
 .ARM.attributes
                0x00000609       0x34 c:/users/zen35/documents/zen3515/ac6/systemworkbench/plugins/fr.ac6.mcu.externaltools.arm-none.win32_1.16.0.201807130628/tools/compiler/bin/../lib/gcc/arm-none-eabi/7.2.1/../../../../arm-none-eabi/lib/thumb/v7e-m/fpv4-sp/hard\libc_nano.a(lib_a-memcpy-stub.o)
 .ARM.attributes
                0x0000063d       0x22 c:/users/zen35/documents/zen3515/ac6/systemworkbench/plugins/fr.ac6.mcu.externaltools.arm-none.win32_1.16.0.201807130628/tools/compiler/bin/../lib/gcc/arm-none-eabi/7.2.1/thumb/v7e-m/fpv4-sp/hard/crtn.o
OUTPUT(TestDS18B20_TM.elf elf32-littlearm)

.debug_info     0x00000000    0x1ff9f
 .debug_info    0x00000000     0x11d9 Drivers/STM32F4xx_HAL_Driver/Src/stm32f4xx_hal.o
 .debug_info    0x000011d9     0x1755 Drivers/STM32F4xx_HAL_Driver/Src/stm32f4xx_hal_cortex.o
 .debug_info    0x0000292e      0xf93 Drivers/STM32F4xx_HAL_Driver/Src/stm32f4xx_hal_gpio.o
 .debug_info    0x000038c1     0x125b Drivers/STM32F4xx_HAL_Driver/Src/stm32f4xx_hal_rcc.o
 .debug_info    0x00004b1c     0x368f Drivers/STM32F4xx_HAL_Driver/Src/stm32f4xx_hal_tim.o
 .debug_info    0x000081ab     0x1b25 Drivers/STM32F4xx_HAL_Driver/Src/stm32f4xx_hal_tim_ex.o
 .debug_info    0x00009cd0     0x1f1a Drivers/STM32F4xx_HAL_Driver/Src/stm32f4xx_hal_uart.o
 .debug_info    0x0000bbea     0x2466 Middlewares/Third_Party/FreeRTOS/Source/CMSIS_RTOS/cmsis_os.o
 .debug_info    0x0000e050      0xacd Middlewares/Third_Party/FreeRTOS/Source/list.o
 .debug_info    0x0000eb1d     0x2027 Middlewares/Third_Party/FreeRTOS/Source/queue.o
 .debug_info    0x00010b44     0x29b4 Middlewares/Third_Party/FreeRTOS/Source/tasks.o
 .debug_info    0x000134f8     0x1872 Middlewares/Third_Party/FreeRTOS/Source/timers.o
 .debug_info    0x00014d6a      0x532 Middlewares/Third_Party/FreeRTOS/Source/portable/GCC/ARM_CM4F/port.o
 .debug_info    0x0001529c      0xc71 Middlewares/Third_Party/FreeRTOS/Source/portable/MemMang/heap_4.o
 .debug_info    0x00015f0d      0xfb0 Src/TM/tm_stm32_delay.o
 .debug_info    0x00016ebd     0x1777 Src/TM/tm_stm32_ds18b20.o
 .debug_info    0x00018634     0x11ab Src/TM/tm_stm32_gpio.o
 .debug_info    0x000197df     0x15de Src/TM/tm_stm32_onewire.o
 .debug_info    0x0001adbd     0x2399 Src/main.o
 .debug_info    0x0001d156     0x1783 Src/stm32f4xx_hal_msp.o
 .debug_info    0x0001e8d9      0x97b Src/stm32f4xx_it.o
 .debug_info    0x0001f254      0xd29 Src/system_stm32f4xx.o
 .debug_info    0x0001ff7d       0x22 startup/startup_stm32f407xx.o

.debug_abbrev   0x00000000     0x4169
 .debug_abbrev  0x00000000      0x2e5 Drivers/STM32F4xx_HAL_Driver/Src/stm32f4xx_hal.o
 .debug_abbrev  0x000002e5      0x3d6 Drivers/STM32F4xx_HAL_Driver/Src/stm32f4xx_hal_cortex.o
 .debug_abbrev  0x000006bb      0x2a7 Drivers/STM32F4xx_HAL_Driver/Src/stm32f4xx_hal_gpio.o
 .debug_abbrev  0x00000962      0x333 Drivers/STM32F4xx_HAL_Driver/Src/stm32f4xx_hal_rcc.o
 .debug_abbrev  0x00000c95      0x2e0 Drivers/STM32F4xx_HAL_Driver/Src/stm32f4xx_hal_tim.o
 .debug_abbrev  0x00000f75      0x2e0 Drivers/STM32F4xx_HAL_Driver/Src/stm32f4xx_hal_tim_ex.o
 .debug_abbrev  0x00001255      0x344 Drivers/STM32F4xx_HAL_Driver/Src/stm32f4xx_hal_uart.o
 .debug_abbrev  0x00001599      0x3d4 Middlewares/Third_Party/FreeRTOS/Source/CMSIS_RTOS/cmsis_os.o
 .debug_abbrev  0x0000196d      0x21c Middlewares/Third_Party/FreeRTOS/Source/list.o
 .debug_abbrev  0x00001b89      0x385 Middlewares/Third_Party/FreeRTOS/Source/queue.o
 .debug_abbrev  0x00001f0e      0x3cf Middlewares/Third_Party/FreeRTOS/Source/tasks.o
 .debug_abbrev  0x000022dd      0x2ef Middlewares/Third_Party/FreeRTOS/Source/timers.o
 .debug_abbrev  0x000025cc      0x216 Middlewares/Third_Party/FreeRTOS/Source/portable/GCC/ARM_CM4F/port.o
 .debug_abbrev  0x000027e2      0x318 Middlewares/Third_Party/FreeRTOS/Source/portable/MemMang/heap_4.o
 .debug_abbrev  0x00002afa      0x375 Src/TM/tm_stm32_delay.o
 .debug_abbrev  0x00002e6f      0x31d Src/TM/tm_stm32_ds18b20.o
 .debug_abbrev  0x0000318c      0x2b9 Src/TM/tm_stm32_gpio.o
 .debug_abbrev  0x00003445      0x388 Src/TM/tm_stm32_onewire.o
 .debug_abbrev  0x000037cd      0x328 Src/main.o
 .debug_abbrev  0x00003af5      0x27d Src/stm32f4xx_hal_msp.o
 .debug_abbrev  0x00003d72      0x1e0 Src/stm32f4xx_it.o
 .debug_abbrev  0x00003f52      0x205 Src/system_stm32f4xx.o
 .debug_abbrev  0x00004157       0x12 startup/startup_stm32f407xx.o

.debug_loc      0x00000000     0xc08c
 .debug_loc     0x00000000       0xfd Drivers/STM32F4xx_HAL_Driver/Src/stm32f4xx_hal.o
 .debug_loc     0x000000fd      0x5ce Drivers/STM32F4xx_HAL_Driver/Src/stm32f4xx_hal_cortex.o
 .debug_loc     0x000006cb      0x469 Drivers/STM32F4xx_HAL_Driver/Src/stm32f4xx_hal_gpio.o
 .debug_loc     0x00000b34      0x3f1 Drivers/STM32F4xx_HAL_Driver/Src/stm32f4xx_hal_rcc.o
 .debug_loc     0x00000f25     0x3612 Drivers/STM32F4xx_HAL_Driver/Src/stm32f4xx_hal_tim.o
 .debug_loc     0x00004537      0xefe Drivers/STM32F4xx_HAL_Driver/Src/stm32f4xx_hal_tim_ex.o
 .debug_loc     0x00005435     0x158b Drivers/STM32F4xx_HAL_Driver/Src/stm32f4xx_hal_uart.o
 .debug_loc     0x000069c0      0xfbd Middlewares/Third_Party/FreeRTOS/Source/CMSIS_RTOS/cmsis_os.o
 .debug_loc     0x0000797d       0x70 Middlewares/Third_Party/FreeRTOS/Source/list.o
 .debug_loc     0x000079ed      0xe3b Middlewares/Third_Party/FreeRTOS/Source/queue.o
 .debug_loc     0x00008828     0x1265 Middlewares/Third_Party/FreeRTOS/Source/tasks.o
 .debug_loc     0x00009a8d      0x99e Middlewares/Third_Party/FreeRTOS/Source/timers.o
 .debug_loc     0x0000a42b       0xdc Middlewares/Third_Party/FreeRTOS/Source/portable/GCC/ARM_CM4F/port.o
 .debug_loc     0x0000a507      0x291 Middlewares/Third_Party/FreeRTOS/Source/portable/MemMang/heap_4.o
 .debug_loc     0x0000a798      0x1fe Src/TM/tm_stm32_delay.o
 .debug_loc     0x0000a996      0x5f8 Src/TM/tm_stm32_ds18b20.o
 .debug_loc     0x0000af8e      0x561 Src/TM/tm_stm32_gpio.o
 .debug_loc     0x0000b4ef      0x954 Src/TM/tm_stm32_onewire.o
 .debug_loc     0x0000be43       0x8f Src/main.o
 .debug_loc     0x0000bed2       0x7c Src/stm32f4xx_hal_msp.o
 .debug_loc     0x0000bf4e      0x13e Src/system_stm32f4xx.o

.debug_aranges  0x00000000     0x1248
 .debug_aranges
                0x00000000       0xe0 Drivers/STM32F4xx_HAL_Driver/Src/stm32f4xx_hal.o
 .debug_aranges
                0x000000e0       0xa8 Drivers/STM32F4xx_HAL_Driver/Src/stm32f4xx_hal_cortex.o
 .debug_aranges
                0x00000188       0x58 Drivers/STM32F4xx_HAL_Driver/Src/stm32f4xx_hal_gpio.o
 .debug_aranges
                0x000001e0       0x88 Drivers/STM32F4xx_HAL_Driver/Src/stm32f4xx_hal_rcc.o
 .debug_aranges
                0x00000268      0x368 Drivers/STM32F4xx_HAL_Driver/Src/stm32f4xx_hal_tim.o
 .debug_aranges
                0x000005d0      0x140 Drivers/STM32F4xx_HAL_Driver/Src/stm32f4xx_hal_tim_ex.o
 .debug_aranges
                0x00000710      0x1d0 Drivers/STM32F4xx_HAL_Driver/Src/stm32f4xx_hal_uart.o
 .debug_aranges
                0x000008e0      0x1d8 Middlewares/Third_Party/FreeRTOS/Source/CMSIS_RTOS/cmsis_os.o
 .debug_aranges
                0x00000ab8       0x40 Middlewares/Third_Party/FreeRTOS/Source/list.o
 .debug_aranges
                0x00000af8       0xe8 Middlewares/Third_Party/FreeRTOS/Source/queue.o
 .debug_aranges
                0x00000be0      0x198 Middlewares/Third_Party/FreeRTOS/Source/tasks.o
 .debug_aranges
                0x00000d78       0xb8 Middlewares/Third_Party/FreeRTOS/Source/timers.o
 .debug_aranges
                0x00000e30       0x80 Middlewares/Third_Party/FreeRTOS/Source/portable/GCC/ARM_CM4F/port.o
 .debug_aranges
                0x00000eb0       0x50 Middlewares/Third_Party/FreeRTOS/Source/portable/MemMang/heap_4.o
 .debug_aranges
                0x00000f00       0x78 Src/TM/tm_stm32_delay.o
 .debug_aranges
                0x00000f78       0x70 Src/TM/tm_stm32_ds18b20.o
 .debug_aranges
                0x00000fe8       0x98 Src/TM/tm_stm32_gpio.o
 .debug_aranges
                0x00001080       0xa8 Src/TM/tm_stm32_onewire.o
 .debug_aranges
                0x00001128       0x68 Src/main.o
 .debug_aranges
                0x00001190       0x48 Src/stm32f4xx_hal_msp.o
 .debug_aranges
                0x000011d8       0x20 Src/stm32f4xx_it.o
 .debug_aranges
                0x000011f8       0x28 Src/system_stm32f4xx.o
 .debug_aranges
                0x00001220       0x28 startup/startup_stm32f407xx.o

.debug_ranges   0x00000000     0x1268
 .debug_ranges  0x00000000       0xd0 Drivers/STM32F4xx_HAL_Driver/Src/stm32f4xx_hal.o
 .debug_ranges  0x000000d0       0xf8 Drivers/STM32F4xx_HAL_Driver/Src/stm32f4xx_hal_cortex.o
 .debug_ranges  0x000001c8       0x48 Drivers/STM32F4xx_HAL_Driver/Src/stm32f4xx_hal_gpio.o
 .debug_ranges  0x00000210       0x90 Drivers/STM32F4xx_HAL_Driver/Src/stm32f4xx_hal_rcc.o
 .debug_ranges  0x000002a0      0x358 Drivers/STM32F4xx_HAL_Driver/Src/stm32f4xx_hal_tim.o
 .debug_ranges  0x000005f8      0x130 Drivers/STM32F4xx_HAL_Driver/Src/stm32f4xx_hal_tim_ex.o
 .debug_ranges  0x00000728      0x1c0 Drivers/STM32F4xx_HAL_Driver/Src/stm32f4xx_hal_uart.o
 .debug_ranges  0x000008e8      0x1c8 Middlewares/Third_Party/FreeRTOS/Source/CMSIS_RTOS/cmsis_os.o
 .debug_ranges  0x00000ab0       0x30 Middlewares/Third_Party/FreeRTOS/Source/list.o
 .debug_ranges  0x00000ae0      0x178 Middlewares/Third_Party/FreeRTOS/Source/queue.o
 .debug_ranges  0x00000c58      0x1f8 Middlewares/Third_Party/FreeRTOS/Source/tasks.o
 .debug_ranges  0x00000e50       0xa8 Middlewares/Third_Party/FreeRTOS/Source/timers.o
 .debug_ranges  0x00000ef8       0x70 Middlewares/Third_Party/FreeRTOS/Source/portable/GCC/ARM_CM4F/port.o
 .debug_ranges  0x00000f68       0x40 Middlewares/Third_Party/FreeRTOS/Source/portable/MemMang/heap_4.o
 .debug_ranges  0x00000fa8       0x68 Src/TM/tm_stm32_delay.o
 .debug_ranges  0x00001010       0x60 Src/TM/tm_stm32_ds18b20.o
 .debug_ranges  0x00001070       0x88 Src/TM/tm_stm32_gpio.o
 .debug_ranges  0x000010f8       0x98 Src/TM/tm_stm32_onewire.o
 .debug_ranges  0x00001190       0x58 Src/main.o
 .debug_ranges  0x000011e8       0x38 Src/stm32f4xx_hal_msp.o
 .debug_ranges  0x00001220       0x10 Src/stm32f4xx_it.o
 .debug_ranges  0x00001230       0x18 Src/system_stm32f4xx.o
 .debug_ranges  0x00001248       0x20 startup/startup_stm32f407xx.o

.debug_macro    0x00000000    0x23e7a
 .debug_macro   0x00000000      0x386 Drivers/STM32F4xx_HAL_Driver/Src/stm32f4xx_hal.o
 .debug_macro   0x00000386      0xa66 Drivers/STM32F4xx_HAL_Driver/Src/stm32f4xx_hal.o
 .debug_macro   0x00000dec       0x10 Drivers/STM32F4xx_HAL_Driver/Src/stm32f4xx_hal.o
 .debug_macro   0x00000dfc      0x180 Drivers/STM32F4xx_HAL_Driver/Src/stm32f4xx_hal.o
 .debug_macro   0x00000f7c       0x32 Drivers/STM32F4xx_HAL_Driver/Src/stm32f4xx_hal.o
 .debug_macro   0x00000fae       0x2f Drivers/STM32F4xx_HAL_Driver/Src/stm32f4xx_hal.o
 .debug_macro   0x00000fdd       0x22 Drivers/STM32F4xx_HAL_Driver/Src/stm32f4xx_hal.o
 .debug_macro   0x00000fff       0x87 Drivers/STM32F4xx_HAL_Driver/Src/stm32f4xx_hal.o
 .debug_macro   0x00001086       0x51 Drivers/STM32F4xx_HAL_Driver/Src/stm32f4xx_hal.o
 .debug_macro   0x000010d7       0xef Drivers/STM32F4xx_HAL_Driver/Src/stm32f4xx_hal.o
 .debug_macro   0x000011c6       0x6a Drivers/STM32F4xx_HAL_Driver/Src/stm32f4xx_hal.o
 .debug_macro   0x00001230      0x1df Drivers/STM32F4xx_HAL_Driver/Src/stm32f4xx_hal.o
 .debug_macro   0x0000140f       0x35 Drivers/STM32F4xx_HAL_Driver/Src/stm32f4xx_hal.o
 .debug_macro   0x00001444       0x50 Drivers/STM32F4xx_HAL_Driver/Src/stm32f4xx_hal.o
 .debug_macro   0x00001494      0xe66 Drivers/STM32F4xx_HAL_Driver/Src/stm32f4xx_hal.o
 .debug_macro   0x000022fa    0x15d08 Drivers/STM32F4xx_HAL_Driver/Src/stm32f4xx_hal.o
 .debug_macro   0x00018002       0x43 Drivers/STM32F4xx_HAL_Driver/Src/stm32f4xx_hal.o
 .debug_macro   0x00018045     0x3535 Drivers/STM32F4xx_HAL_Driver/Src/stm32f4xx_hal.o
 .debug_macro   0x0001b57a       0x58 Drivers/STM32F4xx_HAL_Driver/Src/stm32f4xx_hal.o
 .debug_macro   0x0001b5d2       0x17 Drivers/STM32F4xx_HAL_Driver/Src/stm32f4xx_hal.o
 .debug_macro   0x0001b5e9       0x35 Drivers/STM32F4xx_HAL_Driver/Src/stm32f4xx_hal.o
 .debug_macro   0x0001b61e       0x9c Drivers/STM32F4xx_HAL_Driver/Src/stm32f4xx_hal.o
 .debug_macro   0x0001b6ba       0x16 Drivers/STM32F4xx_HAL_Driver/Src/stm32f4xx_hal.o
 .debug_macro   0x0001b6d0       0x97 Drivers/STM32F4xx_HAL_Driver/Src/stm32f4xx_hal.o
 .debug_macro   0x0001b767      0x330 Drivers/STM32F4xx_HAL_Driver/Src/stm32f4xx_hal.o
 .debug_macro   0x0001ba97       0xfd Drivers/STM32F4xx_HAL_Driver/Src/stm32f4xx_hal.o
 .debug_macro   0x0001bb94       0x10 Drivers/STM32F4xx_HAL_Driver/Src/stm32f4xx_hal.o
 .debug_macro   0x0001bba4       0x58 Drivers/STM32F4xx_HAL_Driver/Src/stm32f4xx_hal.o
 .debug_macro   0x0001bbfc       0x1f Drivers/STM32F4xx_HAL_Driver/Src/stm32f4xx_hal.o
 .debug_macro   0x0001bc1b       0x43 Drivers/STM32F4xx_HAL_Driver/Src/stm32f4xx_hal.o
 .debug_macro   0x0001bc5e       0x20 Drivers/STM32F4xx_HAL_Driver/Src/stm32f4xx_hal.o
 .debug_macro   0x0001bc7e      0x18e Drivers/STM32F4xx_HAL_Driver/Src/stm32f4xx_hal.o
 .debug_macro   0x0001be0c       0x10 Drivers/STM32F4xx_HAL_Driver/Src/stm32f4xx_hal.o
 .debug_macro   0x0001be1c       0x1c Drivers/STM32F4xx_HAL_Driver/Src/stm32f4xx_hal.o
 .debug_macro   0x0001be38       0x52 Drivers/STM32F4xx_HAL_Driver/Src/stm32f4xx_hal.o
 .debug_macro   0x0001be8a       0x40 Drivers/STM32F4xx_HAL_Driver/Src/stm32f4xx_hal.o
 .debug_macro   0x0001beca       0x10 Drivers/STM32F4xx_HAL_Driver/Src/stm32f4xx_hal.o
 .debug_macro   0x0001beda       0x40 Drivers/STM32F4xx_HAL_Driver/Src/stm32f4xx_hal.o
 .debug_macro   0x0001bf1a       0xd7 Drivers/STM32F4xx_HAL_Driver/Src/stm32f4xx_hal.o
 .debug_macro   0x0001bff1       0x1c Drivers/STM32F4xx_HAL_Driver/Src/stm32f4xx_hal.o
 .debug_macro   0x0001c00d       0x3d Drivers/STM32F4xx_HAL_Driver/Src/stm32f4xx_hal.o
 .debug_macro   0x0001c04a       0x16 Drivers/STM32F4xx_HAL_Driver/Src/stm32f4xx_hal.o
 .debug_macro   0x0001c060      0x16f Drivers/STM32F4xx_HAL_Driver/Src/stm32f4xx_hal.o
 .debug_macro   0x0001c1cf       0x50 Drivers/STM32F4xx_HAL_Driver/Src/stm32f4xx_hal.o
 .debug_macro   0x0001c21f      0x96b Drivers/STM32F4xx_HAL_Driver/Src/stm32f4xx_hal.o
 .debug_macro   0x0001cb8a      0xa02 Drivers/STM32F4xx_HAL_Driver/Src/stm32f4xx_hal.o
 .debug_macro   0x0001d58c      0x11e Drivers/STM32F4xx_HAL_Driver/Src/stm32f4xx_hal.o
 .debug_macro   0x0001d6aa      0x13e Drivers/STM32F4xx_HAL_Driver/Src/stm32f4xx_hal.o
 .debug_macro   0x0001d7e8       0x27 Drivers/STM32F4xx_HAL_Driver/Src/stm32f4xx_hal.o
 .debug_macro   0x0001d80f      0x287 Drivers/STM32F4xx_HAL_Driver/Src/stm32f4xx_hal.o
 .debug_macro   0x0001da96       0x5f Drivers/STM32F4xx_HAL_Driver/Src/stm32f4xx_hal.o
 .debug_macro   0x0001daf5      0x23a Drivers/STM32F4xx_HAL_Driver/Src/stm32f4xx_hal.o
 .debug_macro   0x0001dd2f      0x133 Drivers/STM32F4xx_HAL_Driver/Src/stm32f4xx_hal.o
 .debug_macro   0x0001de62      0x21e Drivers/STM32F4xx_HAL_Driver/Src/stm32f4xx_hal.o
 .debug_macro   0x0001e080       0x2e Drivers/STM32F4xx_HAL_Driver/Src/stm32f4xx_hal.o
 .debug_macro   0x0001e0ae      0x11e Drivers/STM32F4xx_HAL_Driver/Src/stm32f4xx_hal.o
 .debug_macro   0x0001e1cc       0x7f Drivers/STM32F4xx_HAL_Driver/Src/stm32f4xx_hal.o
 .debug_macro   0x0001e24b       0x89 Drivers/STM32F4xx_HAL_Driver/Src/stm32f4xx_hal.o
 .debug_macro   0x0001e2d4      0x6e0 Drivers/STM32F4xx_HAL_Driver/Src/stm32f4xx_hal.o
 .debug_macro   0x0001e9b4       0x59 Drivers/STM32F4xx_HAL_Driver/Src/stm32f4xx_hal.o
 .debug_macro   0x0001ea0d      0x14d Drivers/STM32F4xx_HAL_Driver/Src/stm32f4xx_hal.o
 .debug_macro   0x0001eb5a      0x287 Drivers/STM32F4xx_HAL_Driver/Src/stm32f4xx_hal.o
 .debug_macro   0x0001ede1      0x134 Drivers/STM32F4xx_HAL_Driver/Src/stm32f4xx_hal.o
 .debug_macro   0x0001ef15      0x326 Drivers/STM32F4xx_HAL_Driver/Src/stm32f4xx_hal_cortex.o
 .debug_macro   0x0001f23b      0x35e Drivers/STM32F4xx_HAL_Driver/Src/stm32f4xx_hal_gpio.o
 .debug_macro   0x0001f599      0x34a Drivers/STM32F4xx_HAL_Driver/Src/stm32f4xx_hal_rcc.o
 .debug_macro   0x0001f8e3      0x326 Drivers/STM32F4xx_HAL_Driver/Src/stm32f4xx_hal_tim.o
 .debug_macro   0x0001fc09      0x326 Drivers/STM32F4xx_HAL_Driver/Src/stm32f4xx_hal_tim_ex.o
 .debug_macro   0x0001ff2f      0x327 Drivers/STM32F4xx_HAL_Driver/Src/stm32f4xx_hal_uart.o
 .debug_macro   0x00020256      0x1fc Middlewares/Third_Party/FreeRTOS/Source/CMSIS_RTOS/cmsis_os.o
 .debug_macro   0x00020452       0x52 Middlewares/Third_Party/FreeRTOS/Source/CMSIS_RTOS/cmsis_os.o
 .debug_macro   0x000204a4       0x8d Middlewares/Third_Party/FreeRTOS/Source/CMSIS_RTOS/cmsis_os.o
 .debug_macro   0x00020531      0x174 Middlewares/Third_Party/FreeRTOS/Source/CMSIS_RTOS/cmsis_os.o
 .debug_macro   0x000206a5       0x57 Middlewares/Third_Party/FreeRTOS/Source/CMSIS_RTOS/cmsis_os.o
 .debug_macro   0x000206fc       0x10 Middlewares/Third_Party/FreeRTOS/Source/CMSIS_RTOS/cmsis_os.o
 .debug_macro   0x0002070c       0x35 Middlewares/Third_Party/FreeRTOS/Source/CMSIS_RTOS/cmsis_os.o
 .debug_macro   0x00020741       0xee Middlewares/Third_Party/FreeRTOS/Source/CMSIS_RTOS/cmsis_os.o
 .debug_macro   0x0002082f      0x168 Middlewares/Third_Party/FreeRTOS/Source/CMSIS_RTOS/cmsis_os.o
 .debug_macro   0x00020997       0xe4 Middlewares/Third_Party/FreeRTOS/Source/CMSIS_RTOS/cmsis_os.o
 .debug_macro   0x00020a7b       0x10 Middlewares/Third_Party/FreeRTOS/Source/CMSIS_RTOS/cmsis_os.o
 .debug_macro   0x00020a8b       0x26 Middlewares/Third_Party/FreeRTOS/Source/CMSIS_RTOS/cmsis_os.o
 .debug_macro   0x00020ab1      0x408 Middlewares/Third_Party/FreeRTOS/Source/CMSIS_RTOS/cmsis_os.o
 .debug_macro   0x00020eb9       0xc0 Middlewares/Third_Party/FreeRTOS/Source/CMSIS_RTOS/cmsis_os.o
 .debug_macro   0x00020f79       0x8c Middlewares/Third_Party/FreeRTOS/Source/CMSIS_RTOS/cmsis_os.o
 .debug_macro   0x00021005       0x91 Middlewares/Third_Party/FreeRTOS/Source/CMSIS_RTOS/cmsis_os.o
 .debug_macro   0x00021096       0x94 Middlewares/Third_Party/FreeRTOS/Source/CMSIS_RTOS/cmsis_os.o
 .debug_macro   0x0002112a       0x63 Middlewares/Third_Party/FreeRTOS/Source/CMSIS_RTOS/cmsis_os.o
 .debug_macro   0x0002118d       0x19 Middlewares/Third_Party/FreeRTOS/Source/CMSIS_RTOS/cmsis_os.o
 .debug_macro   0x000211a6       0xcf Middlewares/Third_Party/FreeRTOS/Source/CMSIS_RTOS/cmsis_os.o
 .debug_macro   0x00021275       0x26 Middlewares/Third_Party/FreeRTOS/Source/CMSIS_RTOS/cmsis_os.o
 .debug_macro   0x0002129b      0x18a Middlewares/Third_Party/FreeRTOS/Source/list.o
 .debug_macro   0x00021425      0x210 Middlewares/Third_Party/FreeRTOS/Source/queue.o
 .debug_macro   0x00021635       0x16 Middlewares/Third_Party/FreeRTOS/Source/queue.o
 .debug_macro   0x0002164b      0x273 Middlewares/Third_Party/FreeRTOS/Source/tasks.o
 .debug_macro   0x000218be       0x11 Middlewares/Third_Party/FreeRTOS/Source/tasks.o
 .debug_macro   0x000218cf      0x1c7 Middlewares/Third_Party/FreeRTOS/Source/timers.o
 .debug_macro   0x00021a96      0x1ad Middlewares/Third_Party/FreeRTOS/Source/portable/GCC/ARM_CM4F/port.o
 .debug_macro   0x00021c43      0x1b1 Middlewares/Third_Party/FreeRTOS/Source/portable/MemMang/heap_4.o
 .debug_macro   0x00021df4      0x3a3 Src/TM/tm_stm32_delay.o
 .debug_macro   0x00022197       0x10 Src/TM/tm_stm32_delay.o
 .debug_macro   0x000221a7       0x22 Src/TM/tm_stm32_delay.o
 .debug_macro   0x000221c9       0xb3 Src/TM/tm_stm32_delay.o
 .debug_macro   0x0002227c       0x32 Src/TM/tm_stm32_delay.o
 .debug_macro   0x000222ae      0x3c1 Src/TM/tm_stm32_ds18b20.o
 .debug_macro   0x0002266f       0x58 Src/TM/tm_stm32_ds18b20.o
 .debug_macro   0x000226c7       0x40 Src/TM/tm_stm32_ds18b20.o
 .debug_macro   0x00022707      0x36a Src/TM/tm_stm32_gpio.o
 .debug_macro   0x00022a71       0xad Src/TM/tm_stm32_gpio.o
 .debug_macro   0x00022b1e      0x3b2 Src/TM/tm_stm32_onewire.o
 .debug_macro   0x00022ed0      0x480 Src/main.o
 .debug_macro   0x00023350       0xf4 Src/main.o
 .debug_macro   0x00023444      0x326 Src/stm32f4xx_hal_msp.o
 .debug_macro   0x0002376a      0x3e4 Src/stm32f4xx_it.o
 .debug_macro   0x00023b4e      0x32c Src/system_stm32f4xx.o

.debug_line     0x00000000     0xfe73
 .debug_line    0x00000000      0xa8e Drivers/STM32F4xx_HAL_Driver/Src/stm32f4xx_hal.o
 .debug_line    0x00000a8e      0xae9 Drivers/STM32F4xx_HAL_Driver/Src/stm32f4xx_hal_cortex.o
 .debug_line    0x00001577      0xa31 Drivers/STM32F4xx_HAL_Driver/Src/stm32f4xx_hal_gpio.o
 .debug_line    0x00001fa8      0xb25 Drivers/STM32F4xx_HAL_Driver/Src/stm32f4xx_hal_rcc.o
 .debug_line    0x00002acd     0x1923 Drivers/STM32F4xx_HAL_Driver/Src/stm32f4xx_hal_tim.o
 .debug_line    0x000043f0      0xe69 Drivers/STM32F4xx_HAL_Driver/Src/stm32f4xx_hal_tim_ex.o
 .debug_line    0x00005259     0x11b9 Drivers/STM32F4xx_HAL_Driver/Src/stm32f4xx_hal_uart.o
 .debug_line    0x00006412      0xd0d Middlewares/Third_Party/FreeRTOS/Source/CMSIS_RTOS/cmsis_os.o
 .debug_line    0x0000711f      0x62e Middlewares/Third_Party/FreeRTOS/Source/list.o
 .debug_line    0x0000774d      0xb73 Middlewares/Third_Party/FreeRTOS/Source/queue.o
 .debug_line    0x000082c0      0xef0 Middlewares/Third_Party/FreeRTOS/Source/tasks.o
 .debug_line    0x000091b0      0x883 Middlewares/Third_Party/FreeRTOS/Source/timers.o
 .debug_line    0x00009a33      0x6c3 Middlewares/Third_Party/FreeRTOS/Source/portable/GCC/ARM_CM4F/port.o
 .debug_line    0x0000a0f6      0x6e1 Middlewares/Third_Party/FreeRTOS/Source/portable/MemMang/heap_4.o
 .debug_line    0x0000a7d7      0xaa0 Src/TM/tm_stm32_delay.o
 .debug_line    0x0000b277      0xaf5 Src/TM/tm_stm32_ds18b20.o
 .debug_line    0x0000bd6c      0xaa8 Src/TM/tm_stm32_gpio.o
 .debug_line    0x0000c814      0xc2d Src/TM/tm_stm32_onewire.o
 .debug_line    0x0000d441      0xcd4 Src/main.o
 .debug_line    0x0000e115      0x927 Src/stm32f4xx_hal_msp.o
 .debug_line    0x0000ea3c      0xae3 Src/stm32f4xx_it.o
 .debug_line    0x0000f51f      0x8d5 Src/system_stm32f4xx.o
 .debug_line    0x0000fdf4       0x7f startup/startup_stm32f407xx.o

.debug_str      0x00000000    0xcccf0
 .debug_str     0x00000000    0xc0ba0 Drivers/STM32F4xx_HAL_Driver/Src/stm32f4xx_hal.o
                              0xc0f93 (size before relaxing)
 .debug_str     0x000c0ba0      0x39e Drivers/STM32F4xx_HAL_Driver/Src/stm32f4xx_hal_cortex.o
                              0xc0cd5 (size before relaxing)
 .debug_str     0x000c0f3e      0x282 Drivers/STM32F4xx_HAL_Driver/Src/stm32f4xx_hal_gpio.o
                              0xc0668 (size before relaxing)
 .debug_str     0x000c11c0      0x384 Drivers/STM32F4xx_HAL_Driver/Src/stm32f4xx_hal_rcc.o
                              0xc0832 (size before relaxing)
 .debug_str     0x000c1544     0x10b9 Drivers/STM32F4xx_HAL_Driver/Src/stm32f4xx_hal_tim.o
                              0xc1470 (size before relaxing)
 .debug_str     0x000c25fd      0x4f4 Drivers/STM32F4xx_HAL_Driver/Src/stm32f4xx_hal_tim_ex.o
                              0xc0d30 (size before relaxing)
 .debug_str     0x000c2af1      0x6e2 Drivers/STM32F4xx_HAL_Driver/Src/stm32f4xx_hal_uart.o
                              0xc0cad (size before relaxing)
 .debug_str     0x000c31d3     0x5dae Middlewares/Third_Party/FreeRTOS/Source/CMSIS_RTOS/cmsis_os.o
                               0xcbef (size before relaxing)
 .debug_str     0x000c8f81      0x234 Middlewares/Third_Party/FreeRTOS/Source/list.o
                               0x9e5d (size before relaxing)
 .debug_str     0x000c91b5      0x746 Middlewares/Third_Party/FreeRTOS/Source/queue.o
                               0xb502 (size before relaxing)
 .debug_str     0x000c98fb      0xf2c Middlewares/Third_Party/FreeRTOS/Source/tasks.o
                               0xbf38 (size before relaxing)
 .debug_str     0x000ca827      0x3e6 Middlewares/Third_Party/FreeRTOS/Source/timers.o
                               0xb9b4 (size before relaxing)
 .debug_str     0x000cac0d      0x77c Middlewares/Third_Party/FreeRTOS/Source/portable/GCC/ARM_CM4F/port.o
                               0x7e01 (size before relaxing)
 .debug_str     0x000cb389      0x23a Middlewares/Third_Party/FreeRTOS/Source/portable/MemMang/heap_4.o
                               0xa59d (size before relaxing)
 .debug_str     0x000cb5c3      0x8b8 Src/TM/tm_stm32_delay.o
                              0xc0d05 (size before relaxing)
 .debug_str     0x000cbe7b      0x69d Src/TM/tm_stm32_ds18b20.o
                              0xc10b3 (size before relaxing)
 .debug_str     0x000cc518      0x2fc Src/TM/tm_stm32_gpio.o
                              0xc0c1d (size before relaxing)
 .debug_str     0x000cc814      0x1f2 Src/TM/tm_stm32_onewire.o
                              0xc1151 (size before relaxing)
 .debug_str     0x000cca06      0x203 Src/main.o
                              0xc7478 (size before relaxing)
 .debug_str     0x000ccc09       0x25 Src/stm32f4xx_hal_msp.o
                              0xc0f6e (size before relaxing)
 .debug_str     0x000ccc2e       0x38 Src/stm32f4xx_it.o
                              0xc554e (size before relaxing)
 .debug_str     0x000ccc66       0x5a Src/system_stm32f4xx.o
                              0xc0424 (size before relaxing)
 .debug_str     0x000cccc0       0x30 startup/startup_stm32f407xx.o
                                 0x76 (size before relaxing)

.comment        0x00000000       0x7e
 .comment       0x00000000       0x7e Drivers/STM32F4xx_HAL_Driver/Src/stm32f4xx_hal.o
                                 0x7f (size before relaxing)
 .comment       0x0000007e       0x7f Drivers/STM32F4xx_HAL_Driver/Src/stm32f4xx_hal_cortex.o
 .comment       0x0000007e       0x7f Drivers/STM32F4xx_HAL_Driver/Src/stm32f4xx_hal_gpio.o
 .comment       0x0000007e       0x7f Drivers/STM32F4xx_HAL_Driver/Src/stm32f4xx_hal_rcc.o
 .comment       0x0000007e       0x7f Drivers/STM32F4xx_HAL_Driver/Src/stm32f4xx_hal_tim.o
 .comment       0x0000007e       0x7f Drivers/STM32F4xx_HAL_Driver/Src/stm32f4xx_hal_tim_ex.o
 .comment       0x0000007e       0x7f Drivers/STM32F4xx_HAL_Driver/Src/stm32f4xx_hal_uart.o
 .comment       0x0000007e       0x7f Middlewares/Third_Party/FreeRTOS/Source/CMSIS_RTOS/cmsis_os.o
 .comment       0x0000007e       0x7f Middlewares/Third_Party/FreeRTOS/Source/list.o
 .comment       0x0000007e       0x7f Middlewares/Third_Party/FreeRTOS/Source/queue.o
 .comment       0x0000007e       0x7f Middlewares/Third_Party/FreeRTOS/Source/tasks.o
 .comment       0x0000007e       0x7f Middlewares/Third_Party/FreeRTOS/Source/timers.o
 .comment       0x0000007e       0x7f Middlewares/Third_Party/FreeRTOS/Source/portable/GCC/ARM_CM4F/port.o
 .comment       0x0000007e       0x7f Middlewares/Third_Party/FreeRTOS/Source/portable/MemMang/heap_4.o
 .comment       0x0000007e       0x7f Src/TM/tm_stm32_delay.o
 .comment       0x0000007e       0x7f Src/TM/tm_stm32_ds18b20.o
 .comment       0x0000007e       0x7f Src/TM/tm_stm32_gpio.o
 .comment       0x0000007e       0x7f Src/TM/tm_stm32_onewire.o
 .comment       0x0000007e       0x7f Src/main.o
 .comment       0x0000007e       0x7f Src/stm32f4xx_hal_msp.o
 .comment       0x0000007e       0x7f Src/stm32f4xx_it.o
 .comment       0x0000007e       0x7f Src/system_stm32f4xx.o

.debug_frame    0x00000000     0x3298
 .debug_frame   0x00000000      0x1cc Drivers/STM32F4xx_HAL_Driver/Src/stm32f4xx_hal.o
 .debug_frame   0x000001cc      0x15c Drivers/STM32F4xx_HAL_Driver/Src/stm32f4xx_hal_cortex.o
 .debug_frame   0x00000328       0xd8 Drivers/STM32F4xx_HAL_Driver/Src/stm32f4xx_hal_gpio.o
 .debug_frame   0x00000400      0x184 Drivers/STM32F4xx_HAL_Driver/Src/stm32f4xx_hal_rcc.o
 .debug_frame   0x00000584      0x9d0 Drivers/STM32F4xx_HAL_Driver/Src/stm32f4xx_hal_tim.o
 .debug_frame   0x00000f54      0x384 Drivers/STM32F4xx_HAL_Driver/Src/stm32f4xx_hal_tim_ex.o
 .debug_frame   0x000012d8      0x4f0 Drivers/STM32F4xx_HAL_Driver/Src/stm32f4xx_hal_uart.o
 .debug_frame   0x000017c8      0x5c8 Middlewares/Third_Party/FreeRTOS/Source/CMSIS_RTOS/cmsis_os.o
 .debug_frame   0x00001d90       0x6c Middlewares/Third_Party/FreeRTOS/Source/list.o
 .debug_frame   0x00001dfc      0x2d0 Middlewares/Third_Party/FreeRTOS/Source/queue.o
 .debug_frame   0x000020cc      0x504 Middlewares/Third_Party/FreeRTOS/Source/tasks.o
 .debug_frame   0x000025d0      0x23c Middlewares/Third_Party/FreeRTOS/Source/timers.o
 .debug_frame   0x0000280c       0xf0 Middlewares/Third_Party/FreeRTOS/Source/portable/GCC/ARM_CM4F/port.o
 .debug_frame   0x000028fc       0xac Middlewares/Third_Party/FreeRTOS/Source/portable/MemMang/heap_4.o
 .debug_frame   0x000029a8      0x104 Src/TM/tm_stm32_delay.o
 .debug_frame   0x00002aac      0x148 Src/TM/tm_stm32_ds18b20.o
 .debug_frame   0x00002bf4      0x204 Src/TM/tm_stm32_gpio.o
 .debug_frame   0x00002df8      0x1dc Src/TM/tm_stm32_onewire.o
 .debug_frame   0x00002fd4      0x110 Src/main.o
 .debug_frame   0x000030e4       0xa8 Src/stm32f4xx_hal_msp.o
 .debug_frame   0x0000318c       0x28 Src/stm32f4xx_it.o
 .debug_frame   0x000031b4       0x30 Src/system_stm32f4xx.o
 .debug_frame   0x000031e4       0x2c c:/users/zen35/documents/zen3515/ac6/systemworkbench/plugins/fr.ac6.mcu.externaltools.arm-none.win32_1.16.0.201807130628/tools/compiler/bin/../lib/gcc/arm-none-eabi/7.2.1/thumb/v7e-m/fpv4-sp/hard\libgcc.a(_aeabi_uldivmod.o)
 .debug_frame   0x00003210       0x34 c:/users/zen35/documents/zen3515/ac6/systemworkbench/plugins/fr.ac6.mcu.externaltools.arm-none.win32_1.16.0.201807130628/tools/compiler/bin/../lib/gcc/arm-none-eabi/7.2.1/thumb/v7e-m/fpv4-sp/hard\libgcc.a(_udivmoddi4.o)
 .debug_frame   0x00003244       0x2c c:/users/zen35/documents/zen3515/ac6/systemworkbench/plugins/fr.ac6.mcu.externaltools.arm-none.win32_1.16.0.201807130628/tools/compiler/bin/../lib/gcc/arm-none-eabi/7.2.1/../../../../arm-none-eabi/lib/thumb/v7e-m/fpv4-sp/hard\libc_nano.a(lib_a-init.o)
 .debug_frame   0x00003270       0x28 c:/users/zen35/documents/zen3515/ac6/systemworkbench/plugins/fr.ac6.mcu.externaltools.arm-none.win32_1.16.0.201807130628/tools/compiler/bin/../lib/gcc/arm-none-eabi/7.2.1/../../../../arm-none-eabi/lib/thumb/v7e-m/fpv4-sp/hard\libc_nano.a(lib_a-memcpy-stub.o)
